******************************************************************************
                  TI ARM Linker PC v5.2.7                      
******************************************************************************
>> Linked Sun Dec 18 17:36:54 2016

OUTPUT FILE NAME:   <OctoPhone.out>
ENTRY POINT SYMBOL: "_c_int00"  address: 00003b31


MEMORY CONFIGURATION

         name            origin    length      used     unused   attr    fill
----------------------  --------  ---------  --------  --------  ----  --------
  MAIN                  00000000   00040000  000079a4  0003865c  R  X
  INFO                  00200000   00004000  00000000  00004000  R  X
  SRAM_CODE             01000000   00010000  00000000  00010000  RW X
  SRAM_DATA             20000000   00010000  000014fd  0000eb03  RW  


SEGMENT ALLOCATION MAP

run origin  load origin   length   init length attrs members
----------  ----------- ---------- ----------- ----- -------
00000000    00000000    000079b0   000079b0    r-x
  00000000    00000000    0000003c   0000003c    r-- .resetVecs
  00000040    00000040    0000586a   0000586a    r-x .text
  000058ac    000058ac    00001ca6   00001ca6    r-- .const
  00007558    00007558    00000458   00000458    r-- .cinit
20000000    20000000    000011fd   00000000    rw-
  20000000    20000000    00000140   00000000    rw- .vecs
  20000140    20000140    00000b18   00000000    rw- .bss
  20000c58    20000c58    000005a5   00000000    rw- .data
2000fd00    2000fd00    00000300   00000000    rw-
  2000fd00    2000fd00    00000300   00000000    rw- .stack


SECTION ALLOCATION MAP

 output                                  attributes/
section   page    origin      length       input sections
--------  ----  ----------  ----------   ----------------
.text      0    00000040    0000586a     
                  00000040    00000430     sysbios.aem4f : BIOS.obj (.text:ti_sysbios_family_arm_m3_Hwi_excDumpRegs__I)
                  00000470    0000034c     ti.targets.arm.rtsarm.aem4f : System.oem4f (.text:xdc_runtime_System_doPrint__I)
                  000007bc    000002d4     rtsv7M4_T_le_v4SPD16_eabi.lib : trgdrv.obj (.text)
                  00000a90    000002ac     sysbios.aem4f : BIOS.obj (.text:ti_sysbios_knl_Semaphore_pend__E)
                  00000d3c    00000004     msp432p4xx_driverlib.lib : cpu.o (.text:CPU_wfi)
                  00000d40    00000254     sysbios.aem4f : BIOS.obj (.text:ti_sysbios_heaps_HeapMem_free__E)
                  00000f94    00000004     tirtosport.aem4f : HwiP_tirtos.oem4f (.text:HwiP_disable)
                  00000f98    00000248     sysbios.aem4f : BIOS.obj (.text:ti_sysbios_heaps_HeapMem_alloc__E)
                  000011e0    000001fc                   : BIOS.obj (.text:ti_sysbios_family_arm_m3_Hwi_excHandlerMax__I)
                  000013dc    00000004     drivers_MSP432P401R.aem4f : List.oem4f (.text:List_head)
                  000013e0    000001b8     sysbios.aem4f : BIOS.obj (.text:ti_sysbios_knl_Task_sleep__E)
                  00001598    000001a0     msp432p4xx_driverlib.lib : pcm.o (.text:__PCM_setPowerStateAdvanced)
                  00001738    00000174     sysbios.aem4f : BIOS.obj (.text:ti_sysbios_family_arm_m3_Hwi_excBusFault__I)
                  000018ac    00000004     drivers_MSP432P401R.aem4f : List.oem4f (.text:List_next)
                  000018b0    00000164     sysbios.aem4f : BIOS.obj (.text:ti_sysbios_family_arm_m3_Hwi_excUsageFault__I)
                  00001a14    00000004     empty_pem4f.oem4f (.text:ti_sysbios_BIOS_RtsGateProxy_enter__E)
                  00001a18    00000148     sysbios.aem4f : BIOS.obj (.text:ti_sysbios_family_arm_m3_Hwi_excMemFault__I)
                  00001b60    00000140     drivers_MSP432P401R.aem4f : GPIOMSP432.oem4f (.text:GPIO_setConfig)
                  00001ca0    0000013c     sysbios.aem4f : BIOS.obj (.text:ti_sysbios_heaps_HeapMem_Instance_init__E)
                  00001ddc    00000118     ti.targets.arm.rtsarm.aem4f : Error.oem4f (.text:xdc_runtime_Error_policyDefault__E)
                  00001ef4    00000100                                 : Core-mem.oem4f (.text:xdc_runtime_Core_createObject__I)
                  00001ff4    000000f8                                 : Startup.oem4f (.text:xdc_runtime_Startup_startMods__I)
                  000020ec    000000f8     empty_pem4f.oem4f (.text:xdc_runtime_System_printfExtend__I)
                  000021e4    000000f4     drivers_MSP432P401R.aem4f : PowerMSP432.oem4f (.text:Power_sleep)
                  000022d8    000000f4     sysbios.aem4f : m3_Hwi_asm.obj (.text:ti_sysbios_family_arm_m3_Hwi_dispatch__I)
                  000023cc    000000f0     drivers_MSP432P401R.aem4f : PowerMSP432.oem4f (.text:initPerfControl)
                  000024bc    00000004     empty_pem4f.oem4f (.text:ti_sysbios_BIOS_RtsGateProxy_leave__E)
                  000024c0    000000ec     sysbios.aem4f : BIOS.obj (.text:ti_sysbios_knl_Semaphore_post__E)
                  000025ac    000000e0     msp432p4xx_driverlib.lib : cs.o (.text:CS_initClockSignal)
                  0000268c    000000dc                              : pcm.o (.text:__PCM_setPowerModeAdvanced)
                  00002768    000000cc     ti.targets.arm.rtsarm.aem4f : Core-smem.oem4f (.text:xdc_runtime_Core_constructObject__I)
                  00002834    00000004     empty_pem4f.oem4f (.text:ti_sysbios_family_arm_m3_TaskSupport_Module__startupDone__S)
                  00002838    000000bc     sysbios.aem4f : BIOS.obj (.text:ti_sysbios_family_arm_m3_Hwi_excDebugMon__I)
                  000028f4    00000004     empty_pem4f.oem4f (.text:ti_sysbios_heaps_HeapMem_Module_GateProxy_enter__E)
                  000028f8    000000bc     sysbios.aem4f : BIOS.obj (.text:ti_sysbios_family_arm_m3_Hwi_excHardFault__I)
                  000029b4    00000004     empty_pem4f.oem4f (.text:ti_sysbios_heaps_HeapMem_Module_GateProxy_leave__E)
                  000029b8    000000b4     sysbios.aem4f : BIOS.obj (.text:ti_sysbios_gates_GateMutex_enter__E)
                  00002a6c    00000004     empty_pem4f.oem4f (.text:ti_sysbios_knl_Clock_TimerProxy_getMaxTicks__E)
                  00002a70    000000b4     sysbios.aem4f : BIOS.obj (.text:ti_sysbios_knl_Task_checkStacks__E)
                  00002b24    000000b0     msp432p4xx_driverlib.lib : pcm.o (.text:__PCM_setCoreVoltageLevelAdvanced)
                  00002bd4    00000004     empty_pem4f.oem4f (.text:ti_sysbios_knl_Queue_destruct)
                  00002bd8    000000a8     sysbios.aem4f : BIOS.obj (.text:ti_sysbios_family_arm_msp432_Timer_periodicStub__E)
                  00002c80    000000a0     auto_init.aem4f : auto_init.oem4f (.text)
                  00002d20    000000a0     ti.targets.arm.rtsarm.aem4f : Text.oem4f (.text:xdc_runtime_Text_putMod__E)
                  00002dc0    0000009c     rtsv7M4_T_le_v4SPD16_eabi.lib : memcpy_t2.obj (.text)
                  00002e5c    00000004     empty_pem4f.oem4f (.text:ti_sysbios_knl_Semaphore_destruct)
                  00002e60    0000009c     sysbios.aem4f : BIOS.obj (.text:ti_sysbios_knl_Semaphore_Instance_init__E)
                  00002efc    00000004     ti.targets.arm.rtsarm.aem4f : Error.oem4f (.text:xdc_runtime_Error_getSite__E)
                  00002f00    0000009c     sysbios.aem4f : BIOS.obj (.text:ti_sysbios_knl_Task_postInit__I)
                  00002f9c    0000009a     ti.targets.arm.rtsarm.aem4f : Text.oem4f (.text:xdc_runtime_Text_putSite__E)
                  00003036    00000002     power_tirtos_MSP432P401R.aem4f : PowerMSP432_tirtos.oem4f (.text:PowerMSP432_initPolicy)
                  00003038    00000094     sysbios.aem4f : BIOS.obj (.text:ti_sysbios_family_arm_m3_Hwi_Instance_init__E)
                  000030cc    00000004     empty_pem4f.oem4f (.text:xdc_runtime_System_Module_GateProxy_enter__E)
                  000030d0    00000094     sysbios.aem4f : BIOS.obj (.text:ti_sysbios_family_arm_m3_Hwi_initNVIC__E)
                  00003164    00000090     main.obj (.text:main)
                  000031f4    0000008c     sysbios.aem4f : m3_TaskSupport_asm.obj (.text:ti_sysbios_family_arm_m3_TaskSupport_buildTaskStack)
                  00003280    00000084                   : BIOS.obj (.text:ti_sysbios_family_arm_m3_Hwi_postInit__I)
                  00003304    0000007c     msp432p4xx_driverlib.lib : pcm.o (.text:PCM_gotoLPM3)
                  00003380    0000007a     rtsv7M4_T_le_v4SPD16_eabi.lib : memset_t2.obj (.text)
                  000033fa    00000002                                   : i_div0.obj (.text)
                  000033fc    0000006d     ti.targets.arm.rtsarm.aem4f : System.oem4f (.text:xdc_runtime_System_formatNum__I)
                  00003469    00000001     --HOLE-- [fill = 0]
                  0000346a    00000006                                 : xdc_noinit.oem4f (.text:__xdc__init)
                  00003470    0000006c     sysbios.aem4f : BIOS.obj (.text:ti_sysbios_knl_Clock_workFunc__E)
                  000034dc    00000004     empty_pem4f.oem4f (.text:xdc_runtime_System_Module_GateProxy_leave__E)
                  000034e0    0000006c     sysbios.aem4f : BIOS.obj (.text:ti_sysbios_knl_Swi_restoreHwi__E)
                  0000354c    00000004     ti.targets.arm.rtsarm.aem4f : System.oem4f (.text:xdc_runtime_System_aprintf_va__F)
                  00003550    0000006c     sysbios.aem4f : BIOS.obj (.text:ti_sysbios_knl_Task_exit__E)
                  000035bc    0000006c     ti.targets.arm.rtsarm.aem4f : Error.oem4f (.text:xdc_runtime_Error_print__E)
                  00003628    0000006c                                 : Memory.oem4f (.text:xdc_runtime_Memory_alloc__E)
                  00003694    0000006a     rtsv7M4_T_le_v4SPD16_eabi.lib : copy_decompress_rle.obj (.text)
                  000036fe    00000002     empty_pem4f.oem4f (.text:ti_sysbios_BIOS_nullFunc__I)
                  00003700    00000068     rtsv7M4_T_le_v4SPD16_eabi.lib : trgmsg.obj (.text)
                  00003768    00000066     ti.targets.arm.rtsarm.aem4f : Core-mem.oem4f (.text:xdc_runtime_Core_deleteObject__I)
                  000037ce    00000002     --HOLE-- [fill = 0]
                  000037d0    00000064     sysbios.aem4f : BIOS.obj (.text:ti_sysbios_family_arm_m3_Hwi_dispatchC__I)
                  00003834    00000062     tirtosport.aem4f : HwiP_tirtos.oem4f (.text:HwiP_create)
                  00003896    00000002     --HOLE-- [fill = 0]
                  00003898    00000060     sysbios.aem4f : BIOS.obj (.text:ti_sysbios_knl_Task_schedule__I)
                  000038f8    0000005c     drivers_MSP432P401R.aem4f : GPIOMSP432.oem4f (.text:GPIO_init)
                  00003954    00000004     ti.targets.arm.rtsarm.aem4f : System.oem4f (.text:xdc_runtime_System_printf_va__F)
                  00003958    0000005c     sysbios.aem4f : BIOS.obj (.text:ti_sysbios_knl_Swi_run__I)
                  000039b4    00000004     --HOLE-- [fill = 0]
                  000039b8    0000005c                   : BIOS.obj (.text:ti_sysbios_knl_Swi_schedule__I)
                  00003a14    00000004     --HOLE-- [fill = 0]
                  00003a18    0000005c                   : BIOS.obj (.text:ti_sysbios_knl_Task_Module_startup__E)
                  00003a74    00000004     --HOLE-- [fill = 0]
                  00003a78    0000005c                   : BIOS.obj (.text:ti_sysbios_knl_Task_startCore__E)
                  00003ad4    0000005b     ti.targets.arm.rtsarm.aem4f : Text.oem4f (.text:xdc_runtime_Text_putLab__E)
                  00003b2f    00000001     --HOLE-- [fill = 0]
                  00003b30    00000058     boot.aem4f : boot.oem4f (.text)
                  00003b88    00000058     empty_pem4f.oem4f (.text:ti_sysbios_family_arm_m3_Hwi_construct)
                  00003be0    00000058     sysbios.aem4f : m3_Hwi_asm_switch.obj (.text:ti_sysbios_family_arm_m3_Hwi_initStacks__E)
                  00003c38    00000054     drivers_MSP432P401R.aem4f : GPIOMSP432.oem4f (.text:GPIO_hwiIntFxn)
                  00003c8c    00000054                               : GPIOMSP432.oem4f (.text:GPIO_setCallback)
                  00003ce0    00000054     sysbios.aem4f : BIOS.obj (.text:ti_sysbios_family_arm_msp432_Timer_initDevice__I)
                  00003d34    00000004     --HOLE-- [fill = 0]
                  00003d38    00000054                   : BIOS.obj (.text:ti_sysbios_family_arm_msp432_init_Boot_configureClocksHigh)
                  00003d8c    00000054     ti.targets.arm.rtsarm.aem4f : Assert.oem4f (.text:xdc_runtime_Assert_raise__I)
                  00003de0    00000050     drivers_MSP432P401R.aem4f : GPIOMSP432.oem4f (.text:GPIO_write)
                  00003e30    00000050     msp432p4xx_driverlib.lib : pcm.o (.text:PCM_shutdownDevice)
                  00003e80    00000050     power_tirtos_MSP432P401R.aem4f : PowerMSP432_tirtos.oem4f (.text:PowerMSP432_sleepPolicy)
                  00003ed0    00000050     sysbios.aem4f : BIOS.obj (.text:ti_sysbios_family_arm_m3_Hwi_Module_startup__E)
                  00003f20    00000050     ti.targets.arm.rtsarm.aem4f : Startup.oem4f (.text:xdc_runtime_Startup_exec__E)
                  00003f70    00000050                                 : Text.oem4f (.text:xdc_runtime_Text_visitRope2__I)
                  00003fc0    0000004c     rtsv7M4_T_le_v4SPD16_eabi.lib : cpy_tbl.obj (.text)
                  0000400c    00000004     --HOLE-- [fill = 0]
                  00004010    0000004c     sysbios.aem4f : BIOS.obj (.text:ti_sysbios_family_arm_msp432_Timer_postInit__I)
                  0000405c    00000004     --HOLE-- [fill = 0]
                  00004060    0000004c                   : BIOS.obj (.text:ti_sysbios_family_arm_msp432_Timer_start__E)
                  000040ac    00000004     --HOLE-- [fill = 0]
                  000040b0    0000004c                   : BIOS.obj (.text:ti_sysbios_heaps_HeapMem_getStats__E)
                  000040fc    00000004     --HOLE-- [fill = 0]
                  00004100    0000004c                   : BIOS.obj (.text:ti_sysbios_knl_Swi_runLoop__I)
                  0000414c    00000004     --HOLE-- [fill = 0]
                  00004150    0000004c                   : BIOS.obj (.text:ti_sysbios_knl_Task_allBlockedFunction__I)
                  0000419c    00000004     --HOLE-- [fill = 0]
                  000041a0    00000048                   : BIOS.obj (.text:ti_sysbios_family_arm_m3_Hwi_disableInterrupt__E)
                  000041e8    00000048                   : BIOS.obj (.text:ti_sysbios_family_arm_m3_Hwi_enableInterrupt__E)
                  00004230    00000048                   : BIOS.obj (.text:ti_sysbios_family_arm_m3_Hwi_excReserved__I)
                  00004278    00000046     ti.targets.arm.rtsarm.aem4f : Core-params.oem4f (.text:xdc_runtime_Core_assignParams__I)
                  000042be    00000002     --HOLE-- [fill = 0]
                  000042c0    00000044     rtsv7M4_T_le_v4SPD16_eabi.lib : exit.obj (.text)
                  00004304    00000004     --HOLE-- [fill = 0]
                  00004308    00000044     sysbios.aem4f : BIOS.obj (.text:ti_sysbios_family_arm_m3_Hwi_getStackInfo__E)
                  0000434c    00000004     --HOLE-- [fill = 0]
                  00004350    00000044                   : BIOS.obj (.text:ti_sysbios_knl_Swi_post__E)
                  00004394    00000044     ti.targets.arm.rtsarm.aem4f : Error.oem4f (.text:xdc_runtime_Error_setX__E)
                  000043d8    00000044                                 : SysMin.oem4f (.text:xdc_runtime_SysMin_flush__E)
                  0000441c    00000044                                 : Text.oem4f (.text:xdc_runtime_Text_xprintf__I)
                  00004460    00000040     msp432p4xx_driverlib.lib : flash.o (.text:FlashCtl_disableReadBuffering)
                  000044a0    00000040     drivers_MSP432P401R.aem4f : PowerMSP432.oem4f (.text:notify)
                  000044e0    00000040     rtsv7M4_T_le_v4SPD16_eabi.lib : u_divt2.obj (.text)
                  00004520    00000040     sysbios.aem4f : BIOS.obj (.text:ti_sysbios_family_arm_msp432_Timer_Module_startup__E)
                  00004560    00000040                   : BIOS.obj (.text:ti_sysbios_family_arm_msp432_Timer_startup__E)
                  000045a0    0000003c     drivers_MSP432P401R.aem4f : PowerMSP432.oem4f (.text:Power_init)
                  000045dc    00000004     --HOLE-- [fill = 0]
                  000045e0    0000003c     sysbios.aem4f : BIOS.obj (.text:ti_sysbios_family_arm_m3_Hwi_excSvCall__I)
                  0000461c    00000004     --HOLE-- [fill = 0]
                  00004620    0000003c                   : BIOS.obj (.text:ti_sysbios_heaps_HeapMem_init__I)
                  0000465c    00000004     --HOLE-- [fill = 0]
                  00004660    0000003c                   : BIOS.obj (.text:ti_sysbios_knl_Swi_restore__E)
                  0000469c    00000004     --HOLE-- [fill = 0]
                  000046a0    00000038                   : BIOS.obj (.text:ti_sysbios_family_arm_m3_Hwi_excNoIsr__I)
                  000046d8    00000038                   : BIOS.obj (.text:ti_sysbios_knl_Task_processVitalTaskFlag__I)
                  00004710    00000038     ti.targets.arm.rtsarm.aem4f : SysMin.oem4f (.text:xdc_runtime_SysMin_putch__E)
                  00004748    00000038                                 : System.oem4f (.text:xdc_runtime_System_atexit__E)
                  00004780    00000034     msp432p4xx_driverlib.lib : flash.o (.text:FlashCtl_enableReadBuffering)
                  000047b4    00000004     --HOLE-- [fill = 0]
                  000047b8    00000034     sysbios.aem4f : BIOS.obj (.text:ti_sysbios_family_arm_m3_Hwi_Instance_finalize__E)
                  000047ec    00000004     --HOLE-- [fill = 0]
                  000047f0    00000034                   : BIOS.obj (.text:ti_sysbios_family_arm_m3_Hwi_excNmi__I)
                  00004824    00000004     --HOLE-- [fill = 0]
                  00004828    00000034                   : BIOS.obj (.text:ti_sysbios_hal_Hwi_checkStack)
                  0000485c    00000034     ti.targets.arm.rtsarm.aem4f : Core-label.oem4f (.text:xdc_runtime_Core_assignLabel__I)
                  00004890    00000033                                 : Text.oem4f (.text:xdc_runtime_Text_printVisFxn__I)
                  000048c3    00000005     --HOLE-- [fill = 0]
                  000048c8    00000032     sysbios.aem4f : BIOS.obj (.text:ti_sysbios_hal_Hwi_initStack)
                  000048fa    00000002     --HOLE-- [fill = 0]
                  000048fc    00000030     drivers_MSP432P401R.aem4f : GPIOMSP432.oem4f (.text:GPIO_getEnabledInterruptStatus_WA)
                  0000492c    00000030     msp432p4xx_driverlib.lib : gpio.o (.text:GPIO_setAsInputPinWithPullDownResistor)
                  0000495c    00000030                              : gpio.o (.text:GPIO_setAsInputPinWithPullUpResistor)
                  0000498c    00000030     drivers_MSP432P401R.aem4f : GPIOMSP432.oem4f (.text:GPIO_toggle)
                  000049bc    00000030     empty_pem4f.oem4f (.text:ti_sysbios_BIOS_atExitFunc__I)
                  000049ec    00000004     --HOLE-- [fill = 0]
                  000049f0    00000030     sysbios.aem4f : BIOS.obj (.text:ti_sysbios_family_arm_m3_TaskSupport_start__E)
                  00004a20    00000030     empty_pem4f.oem4f (.text:ti_sysbios_gates_GateHwi_Object__create__S)
                  00004a50    00000030     empty_pem4f.oem4f (.text:ti_sysbios_gates_GateMutex_Object__create__S)
                  00004a80    00000030     empty_pem4f.oem4f (.text:ti_sysbios_heaps_HeapMem_Object__create__S)
                  00004ab0    00000030     empty_pem4f.oem4f (.text:ti_sysbios_knl_Semaphore_construct)
                  00004ae0    00000030     sysbios.aem4f : BIOS.obj (.text:ti_sysbios_knl_Semaphore_pendTimeout__I)
                  00004b10    00000030                   : BIOS.obj (.text:ti_sysbios_knl_Task_unblockI__E)
                  00004b40    00000030     ti.targets.arm.rtsarm.aem4f : SysMin.oem4f (.text:xdc_runtime_SysMin_abort__E)
                  00004b70    00000030                                 : System.oem4f (.text:xdc_runtime_System_processAtExit__E)
                  00004ba0    0000002c     msp432p4xx_driverlib.lib : gpio.o (.text:GPIO_setAsInputPin)
                  00004bcc    0000002c                              : pcm.o (.text:PCM_getCoreVoltageLevel)
                  00004bf8    0000002c     power_tirtos_MSP432P401R.aem4f : PowerMSP432_tirtos.oem4f (.text:PowerMSP432_updateFreqs)
                  00004c24    0000002c     empty_pem4f.oem4f (.text:ti_sysbios_knl_Clock_doTick__I)
                  00004c50    0000002c     empty_pem4f.oem4f (.text:ti_sysbios_knl_Queue_construct)
                  00004c7c    00000004     --HOLE-- [fill = 0]
                  00004c80    0000002c     sysbios.aem4f : BIOS.obj (.text:ti_sysbios_knl_Task_restore__E)
                  00004cac    0000002c     ti.targets.arm.rtsarm.aem4f : Text.oem4f (.text:xdc_runtime_Text_cordText__E)
                  00004cd8    0000002a     msp432p4xx_driverlib.lib : pcm.o (.text:PCM_getPowerMode)
                  00004d02    0000002a     ti.targets.arm.rtsarm.aem4f : System.oem4f (.text:xdc_runtime_System_putchar__I)
                  00004d2c    00000028     msp432p4xx_driverlib.lib : flash.o (.text:FlashCtl_setWaitState)
                  00004d54    00000028                              : pcm.o (.text:PCM_gotoLPM0)
                  00004d7c    00000004     --HOLE-- [fill = 0]
                  00004d80    00000028     sysbios.aem4f : BIOS.obj (.text:ti_sysbios_knl_Clock_addI__E)
                  00004da8    00000028                   : BIOS.obj (.text:ti_sysbios_knl_Swi_Module_startup__E)
                  00004dd0    00000026                   : m3_Hwi_asm.obj (.text:ti_sysbios_family_arm_m3_Hwi_pendSV__I)
                  00004df6    00000026     ti.targets.arm.rtsarm.aem4f : System.oem4f (.text:xdc_runtime_System_avprintf__E)
                  00004e1c    00000024     msp432p4xx_driverlib.lib : cs.o (.text:CS_setDCOCenteredFrequency)
                  00004e40    00000024                              : gpio.o (.text:GPIO_setAsOutputPin)
                  00004e64    00000024                              : rtc_c.o (.text:RTC_C_holdClock)
                  00004e88    00000024                              : rtc_c.o (.text:RTC_C_startClock)
                  00004eac    00000024     empty_pem4f.oem4f (.text:ti_sysbios_BIOS_errorRaiseHook__I)
                  00004ed0    00000024     empty_pem4f.oem4f (.text:ti_sysbios_BIOS_registerRTSLock__I)
                  00004ef4    00000024     empty_pem4f.oem4f (.text:ti_sysbios_BIOS_removeRTSLock__I)
                  00004f18    00000024     empty_pem4f.oem4f (.text:ti_sysbios_BIOS_startFunc__I)
                  00004f3c    00000004     --HOLE-- [fill = 0]
                  00004f40    00000024     sysbios.aem4f : BIOS.obj (.text:ti_sysbios_family_arm_msp432_ClockFreqs_setFrequency__E)
                  00004f64    00000024     empty_pem4f.oem4f (.text:ti_sysbios_gates_GateMutex_Object__delete__S)
                  00004f88    00000024     sysbios.aem4f : BIOS.obj (.text:ti_sysbios_knl_Clock_Module_startup__E)
                  00004fac    00000004     --HOLE-- [fill = 0]
                  00004fb0    00000024                   : BIOS.obj (.text:ti_sysbios_knl_Task_restoreHwi__E)
                  00004fd4    00000024     ti.targets.arm.rtsarm.aem4f : System.oem4f (.text:xdc_runtime_System_vprintf__E)
                  00004ff8    00000022     empty_pem4f.oem4f (.text:xdc_runtime_SysMin_output__I)
                  0000501a    00000002     --HOLE-- [fill = 0]
                  0000501c    00000020     msp432p4xx_driverlib.lib : gpio.o (.text:GPIO_interruptEdgeSelect)
                  0000503c    00000020     drivers_MSP432P401R.aem4f : PowerMSP432.oem4f (.text:Power_idleFunc)
                  0000505c    00000020     empty_pem4f.oem4f (.text:ti_sysbios_BIOS_rtsLock__I)
                  0000507c    00000020     sysbios.aem4f : m3_Hwi_asm.obj (.text:ti_sysbios_family_arm_m3_Hwi_excHandlerAsm__I)
                  0000509c    00000004     --HOLE-- [fill = 0]
                  000050a0    00000020                   : BIOS.obj (.text:ti_sysbios_family_arm_m3_Hwi_excHandler__I)
                  000050c0    00000020     empty_pem4f.oem4f (.text:ti_sysbios_gates_GateHwi_Object__delete__S)
                  000050e0    00000020     empty_pem4f.oem4f (.text:ti_sysbios_heaps_HeapMem_Object__delete__S)
                  00005100    00000020     sysbios.aem4f : BIOS.obj (.text:ti_sysbios_knl_Idle_run__E)
                  00005120    00000020     empty_pem4f.oem4f (.text:ti_sysbios_knl_Semaphore_Object__destruct__S)
                  00005140    00000020     ti.targets.arm.rtsarm.aem4f : Registry.oem4f (.text:xdc_runtime_Registry_findById__E)
                  00005160    00000020                                 : SysMin.oem4f (.text:xdc_runtime_SysMin_Module_startup__E)
                  00005180    0000001e     sysbios.aem4f : m3_Hwi_asm_switch.obj (.text:ti_sysbios_family_xxx_Hwi_switchAndRunFunc)
                  0000519e    00000002     --HOLE-- [fill = 0]
                  000051a0    0000001c                   : BIOS.obj (.text:ti_sysbios_gates_GateMutex_Instance_init__E)
                  000051bc    0000001c     empty_pem4f.oem4f (.text:ti_sysbios_knl_Queue_Object__destruct__S)
                  000051d8    0000001c     sysbios.aem4f : BIOS.obj (.text:ti_sysbios_knl_Queue_put__E)
                  000051f4    00000004     --HOLE-- [fill = 0]
                  000051f8    0000001c                   : BIOS.obj (.text:ti_sysbios_knl_Task_enter__I)
                  00005214    0000001c     ti.targets.arm.rtsarm.aem4f : Error.oem4f (.text:xdc_runtime_Error_raiseX__E)
                  00005230    0000001c                                 : Memory.oem4f (.text:xdc_runtime_Memory_valloc__E)
                  0000524c    0000001c                                 : SysMin.oem4f (.text:xdc_runtime_SysMin_exit__E)
                  00005268    0000001c                                 : System.oem4f (.text:xdc_runtime_System_abort__E)
                  00005284    0000001a     empty_pem4f.oem4f (.text:ti_sysbios_family_arm_m3_Hwi_Handle__label__S)
                  0000529e    0000001a     empty_pem4f.oem4f (.text:ti_sysbios_gates_GateHwi_Handle__label__S)
                  000052b8    0000001a     empty_pem4f.oem4f (.text:ti_sysbios_gates_GateMutex_Handle__label__S)
                  000052d2    0000001a     empty_pem4f.oem4f (.text:ti_sysbios_heaps_HeapMem_Handle__label__S)
                  000052ec    0000001a     empty_pem4f.oem4f (.text:ti_sysbios_knl_Swi_Handle__label__S)
                  00005306    0000001a     empty_pem4f.oem4f (.text:ti_sysbios_knl_Task_Handle__label__S)
                  00005320    0000001a     empty_pem4f.oem4f (.text:xdc_runtime_System_aprintf__E)
                  0000533a    0000001a     empty_pem4f.oem4f (.text:xdc_runtime_System_printf__E)
                  00005354    00000018     msp432p4xx_driverlib.lib : gpio.o (.text:GPIO_clearInterruptFlag)
                  0000536c    00000018                              : gpio.o (.text:GPIO_setDriveStrengthLow)
                  00005384    00000018                              : gpio.o (.text:GPIO_setOutputLowOnPin)
                  0000539c    00000018                              : wdt_a.o (.text:WDT_A_holdTimer)
                  000053b4    00000018     rtsv7M4_T_le_v4SPD16_eabi.lib : args_main.obj (.text)
                  000053cc    00000018     empty_pem4f.oem4f (.text:ti_sysbios_BIOS_rtsUnlock__I)
                  000053e4    00000018     empty_pem4f.oem4f (.text:ti_sysbios_family_arm_m3_Hwi_Module__startupDone__F)
                  000053fc    00000018     sysbios.aem4f : m3_TaskSupport_asm.obj (.text:ti_sysbios_family_arm_m3_TaskSupport_swap__E)
                  00005414    00000018     empty_pem4f.oem4f (.text:ti_sysbios_family_arm_msp432_Timer_Module__startupDone__F)
                  0000542c    00000004     --HOLE-- [fill = 0]
                  00005430    00000018     sysbios.aem4f : BIOS.obj (.text:ti_sysbios_gates_GateMutex_leave__E)
                  00005448    00000018                   : BIOS.obj (.text:ti_sysbios_knl_Task_sleepTimeout__I)
                  00005460    00000018     ti.targets.arm.rtsarm.aem4f : Error.oem4f (.text:xdc_runtime_Error_check__E)
                  00005478    00000018                                 : System.oem4f (.text:xdc_runtime_System_exit__E)
                  00005490    00000018                                 : Text.oem4f (.text:xdc_runtime_Text_ropeText__E)
                  000054a8    00000016     empty_pem4f.oem4f (.text:ti_sysbios_BIOS_exitFunc__I)
                  000054be    00000002     --HOLE-- [fill = 0]
                  000054c0    00000014     msp432p4xx_driverlib.lib : gpio.o (.text:GPIO_setDriveStrengthHigh)
                  000054d4    00000014                              : gpio.o (.text:GPIO_setOutputHighOnPin)
                  000054e8    00000014                              : gpio.o (.text:GPIO_toggleOutputOnPin)
                  000054fc    00000014                              : wdt_a.o (.text:WDT_A_startTimer)
                  00005510    00000014     rtsv7M4_T_le_v4SPD16_eabi.lib : _lock.obj (.text)
                  00005524    00000014                                   : strcpy.obj (.text)
                  00005538    00000014                                   : strlen.obj (.text)
                  0000554c    00000014     system.obj (.text:system_task)
                  00005560    00000014     empty_pem4f.oem4f (.text:ti_sysbios_family_arm_m3_Hwi_Object__get__S)
                  00005574    00000004     --HOLE-- [fill = 0]
                  00005578    00000014     sysbios.aem4f : BIOS.obj (.text:ti_sysbios_family_arm_m3_Hwi_switchFromBootStack__E)
                  0000558c    00000014     empty_pem4f.oem4f (.text:ti_sysbios_heaps_HeapMem_Object__get__S)
                  000055a0    00000014     empty_pem4f.oem4f (.text:ti_sysbios_knl_Swi_Object__get__S)
                  000055b4    00000004     --HOLE-- [fill = 0]
                  000055b8    00000012     sysbios.aem4f : BIOS.obj (.text:ti_sysbios_hal_Hwi_Module_startup__E)
                  000055ca    00000012     empty_pem4f.oem4f (.text:xdc_runtime_Startup_exec__I)
                  000055dc    00000010     msp432p4xx_driverlib.lib : gpio.o (.text:GPIO_getInterruptStatus)
                  000055ec    00000010                              : pcm.o (.text:PCM_gotoLPM4)
                  000055fc    00000004     --HOLE-- [fill = 0]
                  00005600    00000010     sysbios.aem4f : BIOS.obj (.text:ti_sysbios_BIOS_setCpuFreq__E)
                  00005610    00000010                   : BIOS.obj (.text:ti_sysbios_BIOS_setThreadType__E)
                  00005620    00000010                   : BIOS.obj (.text:ti_sysbios_BIOS_start__E)
                  00005630    00000010                   : m3_TaskSupport_asm.obj (.text:ti_sysbios_family_arm_m3_TaskSupport_glue)
                  00005640    00000010                   : BIOS.obj (.text:ti_sysbios_family_arm_msp432_init_Boot_disableWatchdog)
                  00005650    00000010                   : BIOS.obj (.text:ti_sysbios_gates_GateMutex_Instance_finalize__E)
                  00005660    00000010                   : BIOS.obj (.text:ti_sysbios_knl_Semaphore_Instance_finalize__E)
                  00005670    00000010                   : BIOS.obj (.text:ti_sysbios_knl_Swi_disable__E)
                  00005680    00000010     empty_pem4f.oem4f (.text:ti_sysbios_knl_Task_Object__get__S)
                  00005690    00000010     sysbios.aem4f : BIOS.obj (.text:ti_sysbios_knl_Task_disable__E)
                  000056a0    00000010     ti.targets.arm.rtsarm.aem4f : Gate.oem4f (.text:xdc_runtime_Gate_leaveSystem__E)
                  000056b0    00000010                                 : Memory.oem4f (.text:xdc_runtime_Memory_free__E)
                  000056c0    00000010                                 : SysMin.oem4f (.text:xdc_runtime_SysMin_ready__E)
                  000056d0    00000010                                 : System.oem4f (.text:xdc_runtime_System_vsnprintf__E)
                  000056e0    00000010     empty_pem4f.oem4f (.text:xdc_runtime_Text_visitRope__I)
                  000056f0    0000000e     tirtosport.aem4f : HwiP_tirtos.oem4f (.text:HwiP_Params_init)
                  000056fe    0000000e     rtsv7M4_T_le_v4SPD16_eabi.lib : copy_decompress_none.obj (.text:decompress:none)
                  0000570c    00000004     --HOLE-- [fill = 0]
                  00005710    0000000e     sysbios.aem4f : BIOS.obj (.text:ti_sysbios_knl_Idle_loop__E)
                  0000571e    00000002     --HOLE-- [fill = 0]
                  00005720    0000000e                   : BIOS.obj (.text:ti_sysbios_knl_Queue_empty__E)
                  0000572e    0000000c     empty_pem4f.oem4f (.text:.bootCodeSection:ti_sysbios_family_arm_msp432_init_Boot_init__I)
                  0000573a    0000000c     msp432p4xx_driverlib.lib : cpu.o (.text:CPU_cpsid)
                  00005746    0000000c                              : cpu.o (.text:CPU_cpsie)
                  00005752    00000002     --HOLE-- [fill = 0]
                  00005754    0000000c                              : pcm.o (.text:PCM_getPowerState)
                  00005760    0000000c     drivers_MSP432P401R.aem4f : PowerMSP432.oem4f (.text:Power_getConstraintMask)
                  0000576c    0000000c     rtsv7M4_T_le_v4SPD16_eabi.lib : copy_zero_init.obj (.text:decompress:ZI)
                  00005778    0000000c     empty_pem4f.oem4f (.text:ti_sysbios_family_arm_m3_Hwi_Params__init__S)
                  00005784    00000004     --HOLE-- [fill = 0]
                  00005788    0000000c     sysbios.aem4f : BIOS.obj (.text:ti_sysbios_family_arm_m3_Hwi_disableFxn__E)
                  00005794    00000004     --HOLE-- [fill = 0]
                  00005798    0000000c                   : BIOS.obj (.text:ti_sysbios_family_arm_m3_TaskSupport_checkStack__E)
                  000057a4    00000004     --HOLE-- [fill = 0]
                  000057a8    0000000c                   : BIOS.obj (.text:ti_sysbios_family_arm_msp432_Timer_getMaxTicks__E)
                  000057b4    00000004     --HOLE-- [fill = 0]
                  000057b8    0000000c                   : BIOS.obj (.text:ti_sysbios_gates_GateHwi_enter__E)
                  000057c4    0000000c     empty_pem4f.oem4f (.text:ti_sysbios_knl_Queue_Object__get__S)
                  000057d0    0000000c     ti.targets.arm.rtsarm.aem4f : Error.oem4f (.text:xdc_runtime_Error_init__E)
                  000057dc    0000000c                                 : Gate.oem4f (.text:xdc_runtime_Gate_enterSystem__E)
                  000057e8    0000000c                                 : Memory.oem4f (.text:xdc_runtime_Memory_calloc__E)
                  000057f4    0000000c                                 : Memory.oem4f (.text:xdc_runtime_Memory_getMaxDefaultTypeAlign__E)
                  00005800    0000000a     empty_pem4f.oem4f (.text:xdc_runtime_IHeap_alloc)
                  0000580a    0000000a     empty_pem4f.oem4f (.text:xdc_runtime_IHeap_free)
                  00005814    00000008     MSP_EXP432P401R.obj (.text:MSP_EXP432P401R_initGPIO)
                  0000581c    00000008     MSP_EXP432P401R.obj (.text:MSP_EXP432P401R_initGeneral)
                  00005824    00000008     msp432p4xx_driverlib.lib : pcm.o (.text:PCM_setPowerMode)
                  0000582c    00000008                              : pcm.o (.text:PCM_setPowerState)
                  00005834    00000004     --HOLE-- [fill = 0]
                  00005838    00000008     sysbios.aem4f : BIOS.obj (.text:ti_sysbios_family_arm_m3_Hwi_doSwiRestore__I)
                  00005840    00000008                   : BIOS.obj (.text:ti_sysbios_family_arm_m3_Hwi_startup__E)
                  00005848    00000006     rtsv7M4_T_le_v4SPD16_eabi.lib : copy_decompress_rle.obj (.text:decompress:rle24)
                  0000584e    00000002     --HOLE-- [fill = 0]
                  00005850    00000006     sysbios.aem4f : BIOS.obj (.text:ti_sysbios_family_arm_m3_Hwi_doTaskRestore__I)
                  00005856    00000002     --HOLE-- [fill = 0]
                  00005858    00000006                   : BIOS.obj (.text:ti_sysbios_family_arm_m3_Hwi_restoreFxn__E)
                  0000585e    00000002     --HOLE-- [fill = 0]
                  00005860    00000006                   : BIOS.obj (.text:ti_sysbios_gates_GateHwi_leave__E)
                  00005866    00000002     --HOLE-- [fill = 0]
                  00005868    00000006                   : BIOS.obj (.text:ti_sysbios_heaps_HeapMem_isBlocking__E)
                  0000586e    00000002     --HOLE-- [fill = 0]
                  00005870    00000006                   : BIOS.obj (.text:ti_sysbios_knl_Queue_Instance_init__E)
                  00005876    00000002     --HOLE-- [fill = 0]
                  00005878    00000006                   : BIOS.obj (.text:ti_sysbios_knl_Swi_startup__E)
                  0000587e    00000006     ti.targets.arm.rtsarm.aem4f : System.oem4f (.text:xdc_runtime_System_Module_startup__E)
                  00005884    00000004     --HOLE-- [fill = 0]
                  00005888    00000004     sysbios.aem4f : BIOS.obj (.text:ti_sysbios_gates_GateHwi_query__E)
                  0000588c    00000004     --HOLE-- [fill = 0]
                  00005890    00000004                   : BIOS.obj (.text:ti_sysbios_gates_GateMutex_query__E)
                  00005894    00000004     --HOLE-- [fill = 0]
                  00005898    00000004                   : BIOS.obj (.text:ti_sysbios_knl_Task_startup__E)
                  0000589c    00000004     --HOLE-- [fill = 0]
                  000058a0    00000002                   : BIOS.obj (.text:ti_sysbios_gates_GateHwi_Instance_init__E)
                  000058a2    00000006     --HOLE-- [fill = 0]
                  000058a8    00000002                   : BIOS.obj (.text:ti_sysbios_knl_Clock_logTick__E)

.const     0    000058ac    00001ca6     
                  000058ac    0000179b     empty_pem4f.oem4f (.const:xdc_runtime_Text_charTab__A)
                  00007047    00000001     empty_pem4f.oem4f (.const:xdc_runtime_Error_policy__C)
                  00007048    000000b0     empty_pem4f.oem4f (.const:xdc_runtime_Text_nodeTab__A)
                  000070f8    00000048     empty_pem4f.oem4f (.const:.string)
                  00007140    00000030     empty_pem4f.oem4f (.const:ti_sysbios_family_arm_m3_Hwi_Object__PARAMS__C)
                  00007170    00000028     empty_pem4f.oem4f (.const:ti_sysbios_heaps_HeapMem_Module__FXNS__C)
                  00007198    00000024     empty_pem4f.oem4f (.const:ti_sysbios_gates_GateHwi_Module__FXNS__C)
                  000071bc    00000024     empty_pem4f.oem4f (.const:ti_sysbios_gates_GateMutex_Module__FXNS__C)
                  000071e0    00000024     empty_pem4f.oem4f (.const:ti_sysbios_heaps_HeapMem_Object__PARAMS__C)
                  00007204    00000024     empty_pem4f.oem4f (.const:ti_sysbios_knl_Semaphore_Object__PARAMS__C)
                  00007228    00000020     empty_pem4f.oem4f (.const:ti_sysbios_family_arm_m3_Hwi_Object__DESC__C)
                  00007248    00000020     empty_pem4f.oem4f (.const:ti_sysbios_gates_GateHwi_Object__DESC__C)
                  00007268    00000020     empty_pem4f.oem4f (.const:ti_sysbios_gates_GateMutex_Object__DESC__C)
                  00007288    00000020     empty_pem4f.oem4f (.const:ti_sysbios_heaps_HeapMem_Object__DESC__C)
                  000072a8    00000020     empty_pem4f.oem4f (.const:ti_sysbios_knl_Queue_Object__DESC__C)
                  000072c8    00000020     empty_pem4f.oem4f (.const:ti_sysbios_knl_Semaphore_Object__DESC__C)
                  000072e8    00000020     empty_pem4f.oem4f (.const:xdc_runtime_Startup_sfxnTab__A)
                  00007308    00000018     empty_pem4f.oem4f (.const:ti_sysbios_gates_GateHwi_Object__PARAMS__C)
                  00007320    00000018     empty_pem4f.oem4f (.const:ti_sysbios_gates_GateMutex_Object__PARAMS__C)
                  00007338    00000018     empty_pem4f.oem4f (.const:ti_sysbios_knl_Queue_Object__PARAMS__C)
                  00007350    00000014     MSP_EXP432P401R.obj (.const:GPIOMSP432_config)
                  00007364    00000010     MSP_EXP432P401R.obj (.const)
                  00007374    00000010     empty_pem4f.oem4f (.const:xdc_runtime_Startup_sfxnRts__A)
                  00007384    0000000c     drivers_MSP432P401R.aem4f : GPIOMSP432.oem4f (.const:.string)
                  00007390    0000000c     empty_pem4f.oem4f (.const:xdc_runtime_Startup_firstFxns__A)
                  0000739c    00000008     empty_pem4f.oem4f (.const:ti_sysbios_family_arm_m3_Hwi_excHookFuncs__A)
                  000073a4    00000008     empty_pem4f.oem4f (.const:ti_sysbios_knl_Idle_funcList__A)
                  000073ac    00000008     empty_pem4f.oem4f (.const:ti_sysbios_knl_Idle_funcList__C)
                  000073b4    00000008     empty_pem4f.oem4f (.const:xdc_runtime_Startup_firstFxns__C)
                  000073bc    00000008     empty_pem4f.oem4f (.const:xdc_runtime_Startup_lastFxns__C)
                  000073c4    00000004     empty_pem4f.oem4f (.const:ti_sysbios_family_arm_m3_Hwi_E_NMI__C)
                  000073c8    00000004     empty_pem4f.oem4f (.const:ti_sysbios_family_arm_m3_Hwi_E_alreadyDefined__C)
                  000073cc    00000004     empty_pem4f.oem4f (.const:ti_sysbios_family_arm_m3_Hwi_E_busFault__C)
                  000073d0    00000004     empty_pem4f.oem4f (.const:ti_sysbios_family_arm_m3_Hwi_E_debugMon__C)
                  000073d4    00000004     empty_pem4f.oem4f (.const:ti_sysbios_family_arm_m3_Hwi_E_hardFault__C)
                  000073d8    00000004     empty_pem4f.oem4f (.const:ti_sysbios_family_arm_m3_Hwi_E_memFault__C)
                  000073dc    00000004     empty_pem4f.oem4f (.const:ti_sysbios_family_arm_m3_Hwi_E_noIsr__C)
                  000073e0    00000004     empty_pem4f.oem4f (.const:ti_sysbios_family_arm_m3_Hwi_E_reserved__C)
                  000073e4    00000004     empty_pem4f.oem4f (.const:ti_sysbios_family_arm_m3_Hwi_E_svCall__C)
                  000073e8    00000004     empty_pem4f.oem4f (.const:ti_sysbios_family_arm_m3_Hwi_E_usageFault__C)
                  000073ec    00000004     empty_pem4f.oem4f (.const:ti_sysbios_family_arm_m3_Hwi_NUM_INTERRUPTS__C)
                  000073f0    00000004     empty_pem4f.oem4f (.const:ti_sysbios_family_arm_m3_Hwi_Object__count__C)
                  000073f4    00000004     empty_pem4f.oem4f (.const:ti_sysbios_family_arm_m3_Hwi_ccr__C)
                  000073f8    00000004     empty_pem4f.oem4f (.const:ti_sysbios_family_arm_m3_Hwi_excHandlerFunc__C)
                  000073fc    00000004     empty_pem4f.oem4f (.const:ti_sysbios_family_arm_m3_Hwi_excHookFuncs__C)
                  00007400    00000004     empty_pem4f.oem4f (.const:ti_sysbios_family_arm_m3_Hwi_nullIsrFunc__C)
                  00007404    00000004     empty_pem4f.oem4f (.const:ti_sysbios_family_arm_m3_Hwi_priGroup__C)
                  00007408    00000004     empty_pem4f.oem4f (.const:ti_sysbios_family_arm_msp432_Timer_numTimerDevices__C)
                  0000740c    00000004     empty_pem4f.oem4f (.const:ti_sysbios_family_arm_msp432_Timer_startupNeeded__C)
                  00007410    00000004     empty_pem4f.oem4f (.const:ti_sysbios_gates_GateMutex_A_badContext__C)
                  00007414    00000004     empty_pem4f.oem4f (.const:ti_sysbios_gates_GateMutex_Instance_State_sem__O)
                  00007418    00000004     empty_pem4f.oem4f (.const:ti_sysbios_gates_GateMutex_Module__diagsEnabled__C)
                  0000741c    00000004     empty_pem4f.oem4f (.const:ti_sysbios_gates_GateMutex_Module__diagsIncluded__C)
                  00007420    00000004     empty_pem4f.oem4f (.const:ti_sysbios_gates_GateMutex_Module__diagsMask__C)
                  00007424    00000004     empty_pem4f.oem4f (.const:ti_sysbios_hal_Hwi_E_stackOverflow__C)
                  00007428    00000004     empty_pem4f.oem4f (.const:ti_sysbios_heaps_HeapMem_A_align__C)
                  0000742c    00000004     empty_pem4f.oem4f (.const:ti_sysbios_heaps_HeapMem_A_heapSize__C)
                  00007430    00000004     empty_pem4f.oem4f (.const:ti_sysbios_heaps_HeapMem_A_invalidFree__C)
                  00007434    00000004     empty_pem4f.oem4f (.const:ti_sysbios_heaps_HeapMem_A_zeroBlock__C)
                  00007438    00000004     empty_pem4f.oem4f (.const:ti_sysbios_heaps_HeapMem_E_memory__C)
                  0000743c    00000004     empty_pem4f.oem4f (.const:ti_sysbios_heaps_HeapMem_Module__diagsEnabled__C)
                  00007440    00000004     empty_pem4f.oem4f (.const:ti_sysbios_heaps_HeapMem_Module__diagsIncluded__C)
                  00007444    00000004     empty_pem4f.oem4f (.const:ti_sysbios_heaps_HeapMem_Module__diagsMask__C)
                  00007448    00000004     empty_pem4f.oem4f (.const:ti_sysbios_heaps_HeapMem_Module__gateObj__C)
                  0000744c    00000004     empty_pem4f.oem4f (.const:ti_sysbios_heaps_HeapMem_Object__count__C)
                  00007450    00000004     empty_pem4f.oem4f (.const:ti_sysbios_heaps_HeapMem_reqAlign__C)
                  00007454    00000004     empty_pem4f.oem4f (.const:ti_sysbios_knl_Clock_Module_State_clockQ__O)
                  00007458    00000004     empty_pem4f.oem4f (.const:ti_sysbios_knl_Semaphore_A_badContext__C)
                  0000745c    00000004     empty_pem4f.oem4f (.const:ti_sysbios_knl_Semaphore_A_noEvents__C)
                  00007460    00000004     empty_pem4f.oem4f (.const:ti_sysbios_knl_Semaphore_A_overflow__C)
                  00007464    00000004     empty_pem4f.oem4f (.const:ti_sysbios_knl_Semaphore_A_pendTaskDisabled__C)
                  00007468    00000004     empty_pem4f.oem4f (.const:ti_sysbios_knl_Semaphore_Instance_State_pendQ__O)
                  0000746c    00000004     empty_pem4f.oem4f (.const:ti_sysbios_knl_Semaphore_Module__diagsEnabled__C)
                  00007470    00000004     empty_pem4f.oem4f (.const:ti_sysbios_knl_Semaphore_Module__diagsIncluded__C)
                  00007474    00000004     empty_pem4f.oem4f (.const:ti_sysbios_knl_Semaphore_Module__diagsMask__C)
                  00007478    00000004     empty_pem4f.oem4f (.const:ti_sysbios_knl_Swi_Object__count__C)
                  0000747c    00000004     empty_pem4f.oem4f (.const:ti_sysbios_knl_Task_A_badTimeout__C)
                  00007480    00000004     empty_pem4f.oem4f (.const:ti_sysbios_knl_Task_A_sleepTaskDisabled__C)
                  00007484    00000004     empty_pem4f.oem4f (.const:ti_sysbios_knl_Task_E_spOutOfBounds__C)
                  00007488    00000004     empty_pem4f.oem4f (.const:ti_sysbios_knl_Task_E_stackOverflow__C)
                  0000748c    00000004     empty_pem4f.oem4f (.const:ti_sysbios_knl_Task_Module_State_inactiveQ__O)
                  00007490    00000004     empty_pem4f.oem4f (.const:ti_sysbios_knl_Task_Module__diagsEnabled__C)
                  00007494    00000004     empty_pem4f.oem4f (.const:ti_sysbios_knl_Task_Module__diagsIncluded__C)
                  00007498    00000004     empty_pem4f.oem4f (.const:ti_sysbios_knl_Task_Module__diagsMask__C)
                  0000749c    00000004     empty_pem4f.oem4f (.const:ti_sysbios_knl_Task_Object__count__C)
                  000074a0    00000004     empty_pem4f.oem4f (.const:ti_sysbios_knl_Task_allBlockedFunc__C)
                  000074a4    00000004     empty_pem4f.oem4f (.const:ti_sysbios_knl_Task_numConstructedTasks__C)
                  000074a8    00000004     empty_pem4f.oem4f (.const:xdc_runtime_Assert_E_assertFailed__C)
                  000074ac    00000004     empty_pem4f.oem4f (.const:xdc_runtime_Core_A_initializedParams__C)
                  000074b0    00000004     empty_pem4f.oem4f (.const:xdc_runtime_Core_Module__diagsEnabled__C)
                  000074b4    00000004     empty_pem4f.oem4f (.const:xdc_runtime_Core_Module__diagsIncluded__C)
                  000074b8    00000004     empty_pem4f.oem4f (.const:xdc_runtime_Core_Module__diagsMask__C)
                  000074bc    00000004     empty_pem4f.oem4f (.const:xdc_runtime_Error_E_memory__C)
                  000074c0    00000004     empty_pem4f.oem4f (.const:xdc_runtime_Error_Module__diagsEnabled__C)
                  000074c4    00000004     empty_pem4f.oem4f (.const:xdc_runtime_Error_Module__diagsIncluded__C)
                  000074c8    00000004     empty_pem4f.oem4f (.const:xdc_runtime_Error_Module__diagsMask__C)
                  000074cc    00000004     empty_pem4f.oem4f (.const:xdc_runtime_Error_Module__loggerFxn8__C)
                  000074d0    00000004     empty_pem4f.oem4f (.const:xdc_runtime_Error_Module__loggerObj__C)
                  000074d4    00000004     empty_pem4f.oem4f (.const:xdc_runtime_Error_policyFxn__C)
                  000074d8    00000004     empty_pem4f.oem4f (.const:xdc_runtime_Error_raiseHook__C)
                  000074dc    00000004     empty_pem4f.oem4f (.const:xdc_runtime_IGateProvider_Interface__BASE__C)
                  000074e0    00000004     empty_pem4f.oem4f (.const:xdc_runtime_IHeap_Interface__BASE__C)
                  000074e4    00000004     empty_pem4f.oem4f (.const:xdc_runtime_IModule_Interface__BASE__C)
                  000074e8    00000004     empty_pem4f.oem4f (.const:xdc_runtime_Log_L_error__C)
                  000074ec    00000004     empty_pem4f.oem4f (.const:xdc_runtime_Memory_defaultHeapInstance__C)
                  000074f0    00000004     empty_pem4f.oem4f (.const:xdc_runtime_Startup_execImpl__C)
                  000074f4    00000004     empty_pem4f.oem4f (.const:xdc_runtime_Startup_maxPasses__C)
                  000074f8    00000004     empty_pem4f.oem4f (.const:xdc_runtime_Startup_sfxnRts__C)
                  000074fc    00000004     empty_pem4f.oem4f (.const:xdc_runtime_Startup_sfxnTab__C)
                  00007500    00000004     empty_pem4f.oem4f (.const:xdc_runtime_SysMin_bufSize__C)
                  00007504    00000004     empty_pem4f.oem4f (.const:xdc_runtime_SysMin_outputFunc__C)
                  00007508    00000004     empty_pem4f.oem4f (.const:xdc_runtime_System_Module__gateObj__C)
                  0000750c    00000004     empty_pem4f.oem4f (.const:xdc_runtime_System_abortFxn__C)
                  00007510    00000004     empty_pem4f.oem4f (.const:xdc_runtime_System_exitFxn__C)
                  00007514    00000004     empty_pem4f.oem4f (.const:xdc_runtime_System_extendFxn__C)
                  00007518    00000004     empty_pem4f.oem4f (.const:xdc_runtime_System_maxAtexitHandlers__C)
                  0000751c    00000004     empty_pem4f.oem4f (.const:xdc_runtime_Text_charTab__C)
                  00007520    00000004     empty_pem4f.oem4f (.const:xdc_runtime_Text_nameEmpty__C)
                  00007524    00000004     empty_pem4f.oem4f (.const:xdc_runtime_Text_nameStatic__C)
                  00007528    00000004     empty_pem4f.oem4f (.const:xdc_runtime_Text_nameUnknown__C)
                  0000752c    00000004     empty_pem4f.oem4f (.const:xdc_runtime_Text_nodeTab__C)
                  00007530    00000004     empty_pem4f.oem4f (.const:xdc_runtime_Text_visitRopeFxn__C)
                  00007534    00000002     empty_pem4f.oem4f (.const:ti_sysbios_family_arm_m3_Hwi_Module__id__C)
                  00007536    00000002     empty_pem4f.oem4f (.const:ti_sysbios_gates_GateMutex_Module__id__C)
                  00007538    00000002     empty_pem4f.oem4f (.const:ti_sysbios_hal_Hwi_Module__id__C)
                  0000753a    00000002     empty_pem4f.oem4f (.const:ti_sysbios_heaps_HeapMem_Module__id__C)
                  0000753c    00000002     empty_pem4f.oem4f (.const:ti_sysbios_knl_Semaphore_Module__id__C)
                  0000753e    00000002     empty_pem4f.oem4f (.const:ti_sysbios_knl_Task_Module__id__C)
                  00007540    00000002     empty_pem4f.oem4f (.const:xdc_runtime_Core_Module__id__C)
                  00007542    00000002     empty_pem4f.oem4f (.const:xdc_runtime_Error_Module__loggerDefined__C)
                  00007544    00000002     empty_pem4f.oem4f (.const:xdc_runtime_Error_maxDepth__C)
                  00007546    00000002     empty_pem4f.oem4f (.const:xdc_runtime_Memory_Module__id__C)
                  00007548    00000002     empty_pem4f.oem4f (.const:xdc_runtime_SysMin_flushAtExit__C)
                  0000754a    00000002     empty_pem4f.oem4f (.const:xdc_runtime_Text_charCnt__C)
                  0000754c    00000002     empty_pem4f.oem4f (.const:xdc_runtime_Text_isLoaded__C)
                  0000754e    00000002     empty_pem4f.oem4f (.const:xdc_runtime_Text_registryModsLastId__C)
                  00007550    00000002     empty_pem4f.oem4f (.const:xdc_runtime_Text_unnamedModsLastId__C)

.cinit     0    00007558    00000458     
                  00007558    00000424     (.cinit..data.load) [load image, compression = rle]
                  0000797c    0000000c     (__TI_handler_table)
                  00007988    00000008     (.cinit..bss.load) [load image, compression = zero_init]
                  00007990    00000008     (.cinit..vecs.load) [load image, compression = zero_init]
                  00007998    00000018     (__TI_cinit_table)

.resetVecs 
*          0    00000000    0000003c     
                  00000000    0000003c     empty_pem4f.oem4f (.resetVecs)

.vecs      0    20000000    00000140     UNINITIALIZED
                  20000000    00000140     empty_pem4f.oem4f (.vecs)

.bss       0    20000140    00000b18     UNINITIALIZED
                  20000140    00000400     empty_pem4f.oem4f (.bss:taskStackSection)
                  20000540    00000400     empty_pem4f.oem4f (.bss:ti_sysbios_heaps_HeapMem_Instance_State_0_buf__A)
                  20000940    00000140     empty_pem4f.oem4f (.bss:ti_sysbios_family_arm_m3_Hwi_dispatchTable)
                  20000a80    00000120     rtsv7M4_T_le_v4SPD16_eabi.lib : trgmsg.obj (.bss:__CIOBUF_)
                  20000ba0    00000080     empty_pem4f.oem4f (.bss:xdc_runtime_SysMin_Module_State_0_outbuf__A)
                  20000c20    00000030     drivers_MSP432P401R.aem4f : GPIOMSP432.oem4f (.bss:gpioCallbackInfo)
                  20000c50    00000008     (.common:parmbuf)

.TI.noinit 
*          0    20000140    00000000     UNINITIALIZED

.data      0    20000c58    000005a5     UNINITIALIZED
                  20000c58    00000140     empty_pem4f.oem4f (.data)
                  20000d98    0000009c     drivers_MSP432P401R.aem4f : PowerMSP432.oem4f (.data:PowerMSP432_perfLevels)
                  20000e34    00000098     empty_pem4f.oem4f (.data:ti_sysbios_knl_Task_Object__table__V)
                  20000ecc    00000080     empty_pem4f.oem4f (.data:ti_sysbios_knl_Swi_Module_State_0_readyQ__A)
                  20000f4c    00000080     empty_pem4f.oem4f (.data:ti_sysbios_knl_Task_Module_State_0_readyQ__A)
                  20000fcc    0000004c     empty_pem4f.oem4f (.data:ti_sysbios_family_arm_msp432_Timer_Object__table__V)
                  20001018    00000044     empty_pem4f.oem4f (.data:ti_sysbios_knl_Task_Module__state__V)
                  2000105c    00000038     empty_pem4f.oem4f (.data:ti_sysbios_gates_GateMutex_Object__table__V)
                  20001094    00000034     empty_pem4f.oem4f (.data:ti_sysbios_family_arm_m3_Hwi_Module__state__V)
                  200010c8    00000030     drivers_MSP432P401R.aem4f : GPIOMSP432.oem4f (.data:GPIO_PORT_TO_BASE)
                  200010f8    00000030     msp432p4xx_driverlib.lib : gpio.o (.data:GPIO_PORT_TO_BASE)
                  20001128    00000030     empty_pem4f.oem4f (.data:ti_sysbios_knl_Swi_Object__table__V)
                  20001158    0000002c     empty_pem4f.oem4f (.data:ti_sysbios_knl_Clock_Module__state__V)
                  20001184    00000024     drivers_MSP432P401R.aem4f : PowerMSP432.oem4f (.data:PowerMSP432_module)
                  200011a8    00000024     empty_pem4f.oem4f (.data:ti_sysbios_BIOS_Module__state__V)
                  200011cc    0000001c     MSP_EXP432P401R.obj (.data)
                  200011e8    00000008     rtsv7M4_T_le_v4SPD16_eabi.lib : _lock.obj (.data)
                  200011f0    00000008                                   : exit.obj (.data)
                  200011f8    00000004                                   : stkdepth_vars.obj (.data)
                  200011fc    00000001     drivers_MSP432P401R.aem4f : GPIOMSP432.oem4f (.data)

.TI.persistent 
*          0    20000c58    00000000     UNINITIALIZED

.stack     0    2000fd00    00000300     UNINITIALIZED
                  2000fd00    00000300     --HOLE--

.bootVecs 
*          0    00000000    00000008     DSECT
                  00000000    00000008     boot.aem4f : boot.oem4f (.bootVecs)

xdc.meta   0    00000000    000000ea     COPY SECTION
                  00000000    000000ea     empty_pem4f.oem4f (xdc.meta)


LINKER GENERATED COPY TABLES

__TI_cinit_table @ 00007998 records: 3, size/record: 8, table size: 24
	.data: load addr=00007558, load size=00000424 bytes, run addr=20000c58, run size=000005a5 bytes, compression=rle
	.bss: load addr=00007988, load size=00000008 bytes, run addr=20000140, run size=00000b18 bytes, compression=zero_init
	.vecs: load addr=00007990, load size=00000008 bytes, run addr=20000000, run size=00000140 bytes, compression=zero_init


LINKER GENERATED HANDLER TABLE

__TI_handler_table @ 0000797c records: 3, size/record: 4, table size: 12
	index: 0, handler: __TI_decompress_rle24
	index: 1, handler: __TI_decompress_none
	index: 2, handler: __TI_zero_init


GLOBAL SYMBOLS: SORTED ALPHABETICALLY BY Name 

address   name                                                        
-------   ----                                                        
000042c1  C$$EXIT                                                     
0000372f  C$$IO$$                                                     
0000573b  CPU_cpsid                                                   
00005747  CPU_cpsie                                                   
00000d3d  CPU_wfi                                                     
000025ad  CS_initClockSignal                                          
00004e1d  CS_setDCOCenteredFrequency                                  
00004461  FlashCtl_disableReadBuffering                               
00004781  FlashCtl_enableReadBuffering                                
00004d2d  FlashCtl_setWaitState                                       
00007350  GPIOMSP432_config                                           
00005355  GPIO_clearInterruptFlag                                     
000048fd  GPIO_getEnabledInterruptStatus_WA                           
000055dd  GPIO_getInterruptStatus                                     
00003c39  GPIO_hwiIntFxn                                              
000038f9  GPIO_init                                                   
0000501d  GPIO_interruptEdgeSelect                                    
00004ba1  GPIO_setAsInputPin                                          
0000492d  GPIO_setAsInputPinWithPullDownResistor                      
0000495d  GPIO_setAsInputPinWithPullUpResistor                        
00004e41  GPIO_setAsOutputPin                                         
00003c8d  GPIO_setCallback                                            
00001b61  GPIO_setConfig                                              
000054c1  GPIO_setDriveStrengthHigh                                   
0000536d  GPIO_setDriveStrengthLow                                    
000054d5  GPIO_setOutputHighOnPin                                     
00005385  GPIO_setOutputLowOnPin                                      
0000498d  GPIO_toggle                                                 
000054e9  GPIO_toggleOutputOnPin                                      
00003de1  GPIO_write                                                  
00000a49  HOSTclock                                                   
00000a11  HOSTclose                                                   
000009d3  HOSTgetenv                                                  
00000977  HOSTlseek                                                   
00000925  HOSTopen                                                    
000008d9  HOSTread                                                    
0000087b  HOSTrename                                                  
00000841  HOSTtime                                                    
00000809  HOSTunlink                                                  
000007bd  HOSTwrite                                                   
000056f1  HwiP_Params_init                                            
00003835  HwiP_create                                                 
00000f95  HwiP_disable                                                
00005859  HwiP_restore                                                
000013dd  List_head                                                   
000018ad  List_next                                                   
00005815  MSP_EXP432P401R_initGPIO                                    
0000581d  MSP_EXP432P401R_initGeneral                                 
00004bcd  PCM_getCoreVoltageLevel                                     
00004cd9  PCM_getPowerMode                                            
00005755  PCM_getPowerState                                           
00004d55  PCM_gotoLPM0                                                
00003305  PCM_gotoLPM3                                                
000055ed  PCM_gotoLPM4                                                
00005825  PCM_setPowerMode                                            
0000582d  PCM_setPowerState                                           
00003e31  PCM_shutdownDevice                                          
00007364  PowerMSP432_config                                          
00003037  PowerMSP432_initPolicy                                      
20001184  PowerMSP432_module                                          
20000d98  PowerMSP432_perfLevels                                      
00003e81  PowerMSP432_sleepPolicy                                     
00004bf9  PowerMSP432_updateFreqs                                     
00005761  Power_getConstraintMask                                     
0000503d  Power_idleFunc                                              
000045a1  Power_init                                                  
000021e5  Power_sleep                                                 
00004e65  RTC_C_holdClock                                             
00004e89  RTC_C_startClock                                            
UNDEFED   SHT$$INIT_ARRAY$$Base                                       
UNDEFED   SHT$$INIT_ARRAY$$Limit                                      
4000480c  WDTCTL_SYM                                                  
0000539d  WDT_A_holdTimer                                             
000054fd  WDT_A_startTimer                                            
00000000  __ASM__                                                     
20000a80  __CIOBUF_                                                   
00000066  __ISA__                                                     
00000079  __PLAT__                                                    
20010000  __STACK_END                                                 
00000300  __STACK_SIZE                                                
0000009c  __TARG__                                                    
00007998  __TI_CINIT_Base                                             
000079b0  __TI_CINIT_Limit                                            
0000797c  __TI_Handler_Table_Base                                     
00007988  __TI_Handler_Table_Limit                                    
00002c81  __TI_auto_init                                              
200011f0  __TI_cleanup_ptr                                            
000056ff  __TI_decompress_none                                        
00005849  __TI_decompress_rle24                                       
200011f4  __TI_dtors_ptr                                              
00003733  __TI_readmsg                                                
00007558  __TI_static_base__                                          
00003701  __TI_writemsg                                               
0000576d  __TI_zero_init                                              
000000c2  __TRDR__                                                    
000033fb  __aeabi_idiv0                                               
00003381  __aeabi_memclr                                              
00003381  __aeabi_memclr4                                             
00003381  __aeabi_memclr8                                             
00002dc1  __aeabi_memcpy                                              
00002dc1  __aeabi_memcpy4                                             
00002dc1  __aeabi_memcpy8                                             
00003383  __aeabi_memset                                              
00003383  __aeabi_memset4                                             
00003383  __aeabi_memset8                                             
000044e1  __aeabi_uidiv                                               
000044e1  __aeabi_uidivmod                                            
ffffffff  __binit__                                                   
ffffffff  __c_args__                                                  
2000fd00  __stack                                                     
0000346b  __xdc__init                                                 
20000d94  __xdc__init__addr                                           
000053b5  _args_main                                                  
00003b31  _c_int00                                                    
200011e8  _lock                                                       
0000551f  _nop                                                        
00005517  _register_lock                                              
00005511  _register_unlock                                            
200011ec  _unlock                                                     
000042c5  abort                                                       
ffffffff  binit                                                       
00003fc1  copy_in                                                     
000042cd  exit                                                        
200011e0  gpioCallbackFunctions                                       
200011d0  gpioPinConfigs                                              
00003165  main                                                        
200011f8  main_func_sp                                                
00002dc1  memcpy                                                      
00003389  memset                                                      
00005691  osi_TaskDisable                                             
00005621  osi_start                                                   
00005525  strcpy                                                      
00005539  strlen                                                      
0000554d  system_task                                                 
200011a8  ti_sysbios_BIOS_Module__state__V                            
000052b9  ti_sysbios_BIOS_RtsGateProxy_Handle__label__S               
00004f65  ti_sysbios_BIOS_RtsGateProxy_Object__delete__S              
00001a15  ti_sysbios_BIOS_RtsGateProxy_enter__E                       
000024bd  ti_sysbios_BIOS_RtsGateProxy_leave__E                       
00005891  ti_sysbios_BIOS_RtsGateProxy_query__E                       
000049bd  ti_sysbios_BIOS_atExitFunc__I                               
00004ead  ti_sysbios_BIOS_errorRaiseHook__I                           
000054a9  ti_sysbios_BIOS_exitFunc__I                                 
000036ff  ti_sysbios_BIOS_nullFunc__I                                 
00004ed1  ti_sysbios_BIOS_registerRTSLock__I                          
00004ef5  ti_sysbios_BIOS_removeRTSLock__I                            
0000505d  ti_sysbios_BIOS_rtsLock__I                                  
000053cd  ti_sysbios_BIOS_rtsUnlock__I                                
00005601  ti_sysbios_BIOS_setCpuFreq__E                               
00005611  ti_sysbios_BIOS_setThreadType__E                            
00004f19  ti_sysbios_BIOS_startFunc__I                                
00005621  ti_sysbios_BIOS_start__E                                    
000073c4  ti_sysbios_family_arm_m3_Hwi_E_NMI__C                       
000073c8  ti_sysbios_family_arm_m3_Hwi_E_alreadyDefined__C            
000073cc  ti_sysbios_family_arm_m3_Hwi_E_busFault__C                  
000073d0  ti_sysbios_family_arm_m3_Hwi_E_debugMon__C                  
000073d4  ti_sysbios_family_arm_m3_Hwi_E_hardFault__C                 
000073d8  ti_sysbios_family_arm_m3_Hwi_E_memFault__C                  
000073dc  ti_sysbios_family_arm_m3_Hwi_E_noIsr__C                     
000073e0  ti_sysbios_family_arm_m3_Hwi_E_reserved__C                  
000073e4  ti_sysbios_family_arm_m3_Hwi_E_svCall__C                    
000073e8  ti_sysbios_family_arm_m3_Hwi_E_usageFault__C                
00005285  ti_sysbios_family_arm_m3_Hwi_Handle__label__S               
000047b9  ti_sysbios_family_arm_m3_Hwi_Instance_finalize__E           
00003039  ti_sysbios_family_arm_m3_Hwi_Instance_init__E               
20000c78  ti_sysbios_family_arm_m3_Hwi_Module_State_0_excActive__A    
20000c7c  ti_sysbios_family_arm_m3_Hwi_Module_State_0_excContext__A   
20000c80  ti_sysbios_family_arm_m3_Hwi_Module_State_0_excStack__A     
00007534  ti_sysbios_family_arm_m3_Hwi_Module__id__C                  
20000c58  ti_sysbios_family_arm_m3_Hwi_Module__root__V                
000053e5  ti_sysbios_family_arm_m3_Hwi_Module__startupDone__F         
000053e5  ti_sysbios_family_arm_m3_Hwi_Module__startupDone__S         
20001094  ti_sysbios_family_arm_m3_Hwi_Module__state__V               
00003ed1  ti_sysbios_family_arm_m3_Hwi_Module_startup__E              
000073ec  ti_sysbios_family_arm_m3_Hwi_NUM_INTERRUPTS__C              
00007228  ti_sysbios_family_arm_m3_Hwi_Object__DESC__C                
00007140  ti_sysbios_family_arm_m3_Hwi_Object__PARAMS__C              
000073f0  ti_sysbios_family_arm_m3_Hwi_Object__count__C               
00005561  ti_sysbios_family_arm_m3_Hwi_Object__get__S                 
20000c60  ti_sysbios_family_arm_m3_Hwi_Object__table__V               
00005779  ti_sysbios_family_arm_m3_Hwi_Params__init__S                
000073f4  ti_sysbios_family_arm_m3_Hwi_ccr__C                         
00003b89  ti_sysbios_family_arm_m3_Hwi_construct                      
00005789  ti_sysbios_family_arm_m3_Hwi_disableFxn__E                  
000041a1  ti_sysbios_family_arm_m3_Hwi_disableInterrupt__E            
000037d1  ti_sysbios_family_arm_m3_Hwi_dispatchC__I                   
20000940  ti_sysbios_family_arm_m3_Hwi_dispatchTable                  
000022d9  ti_sysbios_family_arm_m3_Hwi_dispatch__I                    
00005839  ti_sysbios_family_arm_m3_Hwi_doSwiRestore__I                
00005851  ti_sysbios_family_arm_m3_Hwi_doTaskRestore__I               
000041e9  ti_sysbios_family_arm_m3_Hwi_enableInterrupt__E             
00001739  ti_sysbios_family_arm_m3_Hwi_excBusFault__I                 
00002839  ti_sysbios_family_arm_m3_Hwi_excDebugMon__I                 
00000041  ti_sysbios_family_arm_m3_Hwi_excDumpRegs__I                 
0000507d  ti_sysbios_family_arm_m3_Hwi_excHandlerAsm__I               
000073f8  ti_sysbios_family_arm_m3_Hwi_excHandlerFunc__C              
000011e1  ti_sysbios_family_arm_m3_Hwi_excHandlerMax__I               
000050a1  ti_sysbios_family_arm_m3_Hwi_excHandler__I                  
000028f9  ti_sysbios_family_arm_m3_Hwi_excHardFault__I                
0000739c  ti_sysbios_family_arm_m3_Hwi_excHookFuncs__A                
000073fc  ti_sysbios_family_arm_m3_Hwi_excHookFuncs__C                
00001a19  ti_sysbios_family_arm_m3_Hwi_excMemFault__I                 
000047f1  ti_sysbios_family_arm_m3_Hwi_excNmi__I                      
000046a1  ti_sysbios_family_arm_m3_Hwi_excNoIsr__I                    
00004231  ti_sysbios_family_arm_m3_Hwi_excReserved__I                 
000045e1  ti_sysbios_family_arm_m3_Hwi_excSvCall__I                   
000018b1  ti_sysbios_family_arm_m3_Hwi_excUsageFault__I               
00004309  ti_sysbios_family_arm_m3_Hwi_getStackInfo__E                
000030d1  ti_sysbios_family_arm_m3_Hwi_initNVIC__E                    
00003be1  ti_sysbios_family_arm_m3_Hwi_initStacks__E                  
00007400  ti_sysbios_family_arm_m3_Hwi_nullIsrFunc__C                 
e000e000  ti_sysbios_family_arm_m3_Hwi_nvic                           
00004dd1  ti_sysbios_family_arm_m3_Hwi_pendSV__I                      
00003281  ti_sysbios_family_arm_m3_Hwi_postInit__I                    
00007404  ti_sysbios_family_arm_m3_Hwi_priGroup__C                    
20000000  ti_sysbios_family_arm_m3_Hwi_ramVectors                     
00000000  ti_sysbios_family_arm_m3_Hwi_resetVectors                   
00005859  ti_sysbios_family_arm_m3_Hwi_restoreFxn__E                  
00004df5  ti_sysbios_family_arm_m3_Hwi_return                         
00005841  ti_sysbios_family_arm_m3_Hwi_startup__E                     
00005579  ti_sysbios_family_arm_m3_Hwi_switchFromBootStack__E         
00002835  ti_sysbios_family_arm_m3_TaskSupport_Module__startupDone__S 
000031f5  ti_sysbios_family_arm_m3_TaskSupport_buildTaskStack         
00005799  ti_sysbios_family_arm_m3_TaskSupport_checkStack__E          
00005631  ti_sysbios_family_arm_m3_TaskSupport_glue                   
000049f1  ti_sysbios_family_arm_m3_TaskSupport_start__E               
000053fd  ti_sysbios_family_arm_m3_TaskSupport_swap__E                
20000c84  ti_sysbios_family_arm_msp432_ClockFreqs_Module__state__V    
00004f41  ti_sysbios_family_arm_msp432_ClockFreqs_setFrequency__E     
20000c98  ti_sysbios_family_arm_msp432_Timer_Module_State_0_device__A 
20000cb8  ti_sysbios_family_arm_msp432_Timer_Module_State_0_handles__A
20000c90  ti_sysbios_family_arm_msp432_Timer_Module__root__V          
00005415  ti_sysbios_family_arm_msp432_Timer_Module__startupDone__F   
00005415  ti_sysbios_family_arm_msp432_Timer_Module__startupDone__S   
20000cc8  ti_sysbios_family_arm_msp432_Timer_Module__state__V         
00004521  ti_sysbios_family_arm_msp432_Timer_Module_startup__E        
20000fcc  ti_sysbios_family_arm_msp432_Timer_Object__table__V         
000057a9  ti_sysbios_family_arm_msp432_Timer_getMaxTicks__E           
00003ce1  ti_sysbios_family_arm_msp432_Timer_initDevice__I            
00007408  ti_sysbios_family_arm_msp432_Timer_numTimerDevices__C       
00002bd9  ti_sysbios_family_arm_msp432_Timer_periodicStub__E          
00004011  ti_sysbios_family_arm_msp432_Timer_postInit__I              
00004061  ti_sysbios_family_arm_msp432_Timer_start__E                 
0000740c  ti_sysbios_family_arm_msp432_Timer_startupNeeded__C         
00004561  ti_sysbios_family_arm_msp432_Timer_startup__E               
00003d39  ti_sysbios_family_arm_msp432_init_Boot_configureClocksHigh  
00005641  ti_sysbios_family_arm_msp432_init_Boot_disableWatchdog      
0000572f  ti_sysbios_family_arm_msp432_init_Boot_init__I              
00005181  ti_sysbios_family_xxx_Hwi_switchAndRunFunc                  
0000529f  ti_sysbios_gates_GateHwi_Handle__label__S                   
000058a1  ti_sysbios_gates_GateHwi_Instance_init__E                   
00007198  ti_sysbios_gates_GateHwi_Module__FXNS__C                    
20000cd4  ti_sysbios_gates_GateHwi_Module__root__V                    
00007248  ti_sysbios_gates_GateHwi_Object__DESC__C                    
00007308  ti_sysbios_gates_GateHwi_Object__PARAMS__C                  
00004a21  ti_sysbios_gates_GateHwi_Object__create__S                  
000050c1  ti_sysbios_gates_GateHwi_Object__delete__S                  
20000cdc  ti_sysbios_gates_GateHwi_Object__table__V                   
000057b9  ti_sysbios_gates_GateHwi_enter__E                           
00005861  ti_sysbios_gates_GateHwi_leave__E                           
00005889  ti_sysbios_gates_GateHwi_query__E                           
00007410  ti_sysbios_gates_GateMutex_A_badContext__C                  
000052b9  ti_sysbios_gates_GateMutex_Handle__label__S                 
00007414  ti_sysbios_gates_GateMutex_Instance_State_sem__O            
00005651  ti_sysbios_gates_GateMutex_Instance_finalize__E             
000051a1  ti_sysbios_gates_GateMutex_Instance_init__E                 
000071bc  ti_sysbios_gates_GateMutex_Module__FXNS__C                  
00007418  ti_sysbios_gates_GateMutex_Module__diagsEnabled__C          
0000741c  ti_sysbios_gates_GateMutex_Module__diagsIncluded__C         
00007420  ti_sysbios_gates_GateMutex_Module__diagsMask__C             
00007536  ti_sysbios_gates_GateMutex_Module__id__C                    
20000ce0  ti_sysbios_gates_GateMutex_Module__root__V                  
00007268  ti_sysbios_gates_GateMutex_Object__DESC__C                  
00007320  ti_sysbios_gates_GateMutex_Object__PARAMS__C                
00004a51  ti_sysbios_gates_GateMutex_Object__create__S                
00004f65  ti_sysbios_gates_GateMutex_Object__delete__S                
2000105c  ti_sysbios_gates_GateMutex_Object__table__V                 
000029b9  ti_sysbios_gates_GateMutex_enter__E                         
00005431  ti_sysbios_gates_GateMutex_leave__E                         
00005891  ti_sysbios_gates_GateMutex_query__E                         
00007424  ti_sysbios_hal_Hwi_E_stackOverflow__C                       
00005285  ti_sysbios_hal_Hwi_HwiProxy_Handle__label__S                
000053e5  ti_sysbios_hal_Hwi_HwiProxy_Module__startupDone__S          
00005779  ti_sysbios_hal_Hwi_HwiProxy_Params__init__S                 
000041a1  ti_sysbios_hal_Hwi_HwiProxy_disableInterrupt__E             
00005789  ti_sysbios_hal_Hwi_HwiProxy_disable__E                      
000041e9  ti_sysbios_hal_Hwi_HwiProxy_enableInterrupt__E              
00004309  ti_sysbios_hal_Hwi_HwiProxy_getStackInfo__E                 
00005859  ti_sysbios_hal_Hwi_HwiProxy_restore__E                      
00005841  ti_sysbios_hal_Hwi_HwiProxy_startup__E                      
00005579  ti_sysbios_hal_Hwi_HwiProxy_switchFromBootStack__E          
00007538  ti_sysbios_hal_Hwi_Module__id__C                            
20000ce8  ti_sysbios_hal_Hwi_Module__root__V                          
[...]
00005601  ti_sysbios_BIOS_setCpuFreq__E                               
00005611  ti_sysbios_BIOS_setThreadType__E                            
00005621  osi_start                                                   
00005621  ti_sysbios_BIOS_start__E                                    
00005631  ti_sysbios_family_arm_m3_TaskSupport_glue                   
00005641  ti_sysbios_family_arm_msp432_init_Boot_disableWatchdog      
00005651  ti_sysbios_gates_GateMutex_Instance_finalize__E             
00005661  ti_sysbios_knl_Semaphore_Instance_finalize__E               
00005671  ti_sysbios_knl_Swi_disable__E                               
00005681  ti_sysbios_knl_Task_Object__get__S                          
00005691  osi_TaskDisable                                             
00005691  ti_sysbios_knl_Task_disable__E                              
000056a1  xdc_runtime_Gate_leaveSystem__E                             
000056b1  xdc_runtime_Memory_free__E                                  
000056c1  xdc_runtime_SysMin_ready__E                                 
000056c1  xdc_runtime_System_SupportProxy_ready__E                    
000056d1  xdc_runtime_System_vsnprintf__E                             
000056e1  xdc_runtime_Text_visitRope__I                               
000056f1  HwiP_Params_init                                            
000056ff  __TI_decompress_none                                        
00005711  ti_sysbios_knl_Idle_loop__E                                 
00005721  ti_sysbios_knl_Queue_empty__E                               
0000572f  ti_sysbios_family_arm_msp432_init_Boot_init__I              
0000572f  xdc_runtime_Startup_reset__I                                
0000573b  CPU_cpsid                                                   
00005747  CPU_cpsie                                                   
00005755  PCM_getPowerState                                           
00005761  Power_getConstraintMask                                     
0000576d  __TI_zero_init                                              
00005779  ti_sysbios_family_arm_m3_Hwi_Params__init__S                
00005779  ti_sysbios_hal_Hwi_HwiProxy_Params__init__S                 
00005789  ti_sysbios_family_arm_m3_Hwi_disableFxn__E                  
00005789  ti_sysbios_hal_Hwi_HwiProxy_disable__E                      
00005799  ti_sysbios_family_arm_m3_TaskSupport_checkStack__E          
00005799  ti_sysbios_knl_Task_SupportProxy_checkStack__E              
000057a9  ti_sysbios_family_arm_msp432_Timer_getMaxTicks__E           
000057b9  ti_sysbios_gates_GateHwi_enter__E                           
000057c5  ti_sysbios_knl_Queue_Object__get__S                         
000057d1  xdc_runtime_Error_init__E                                   
000057dd  xdc_runtime_Gate_enterSystem__E                             
000057e9  xdc_runtime_Memory_calloc__E                                
000057f5  xdc_runtime_Memory_getMaxDefaultTypeAlign__E                
00005801  xdc_runtime_Memory_HeapProxy_alloc__E                       
0000580b  xdc_runtime_Memory_HeapProxy_free__E                        
00005815  MSP_EXP432P401R_initGPIO                                    
0000581d  MSP_EXP432P401R_initGeneral                                 
00005825  PCM_setPowerMode                                            
0000582d  PCM_setPowerState                                           
00005839  ti_sysbios_family_arm_m3_Hwi_doSwiRestore__I                
00005841  ti_sysbios_family_arm_m3_Hwi_startup__E                     
00005841  ti_sysbios_hal_Hwi_HwiProxy_startup__E                      
00005849  __TI_decompress_rle24                                       
00005851  ti_sysbios_family_arm_m3_Hwi_doTaskRestore__I               
00005859  HwiP_restore                                                
00005859  ti_sysbios_family_arm_m3_Hwi_restoreFxn__E                  
00005859  ti_sysbios_hal_Hwi_HwiProxy_restore__E                      
00005861  ti_sysbios_gates_GateHwi_leave__E                           
00005869  ti_sysbios_heaps_HeapMem_isBlocking__E                      
00005871  ti_sysbios_knl_Queue_Instance_init__E                       
00005879  ti_sysbios_knl_Swi_startup__E                               
0000587f  xdc_runtime_System_Module_startup__E                        
00005889  ti_sysbios_gates_GateHwi_query__E                           
00005889  xdc_runtime_Main_Module_GateProxy_query__E                  
00005889  xdc_runtime_System_Module_GateProxy_query__E                
00005891  ti_sysbios_BIOS_RtsGateProxy_query__E                       
00005891  ti_sysbios_gates_GateMutex_query__E                         
00005891  ti_sysbios_heaps_HeapMem_Module_GateProxy_query__E          
00005899  ti_sysbios_knl_Task_startup__E                              
000058a1  ti_sysbios_gates_GateHwi_Instance_init__E                   
000058a9  ti_sysbios_knl_Clock_logTick__E                             
000058ac  xdc_runtime_Text_charTab__A                                 
00007047  xdc_runtime_Error_policy__C                                 
00007048  xdc_runtime_Text_nodeTab__A                                 
00007140  ti_sysbios_family_arm_m3_Hwi_Object__PARAMS__C              
00007170  ti_sysbios_heaps_HeapMem_Module__FXNS__C                    
00007198  ti_sysbios_gates_GateHwi_Module__FXNS__C                    
000071bc  ti_sysbios_gates_GateMutex_Module__FXNS__C                  
000071e0  ti_sysbios_heaps_HeapMem_Object__PARAMS__C                  
00007204  ti_sysbios_knl_Semaphore_Object__PARAMS__C                  
00007228  ti_sysbios_family_arm_m3_Hwi_Object__DESC__C                
00007248  ti_sysbios_gates_GateHwi_Object__DESC__C                    
00007268  ti_sysbios_gates_GateMutex_Object__DESC__C                  
00007288  ti_sysbios_heaps_HeapMem_Object__DESC__C                    
000072a8  ti_sysbios_knl_Queue_Object__DESC__C                        
000072c8  ti_sysbios_knl_Semaphore_Object__DESC__C                    
000072e8  xdc_runtime_Startup_sfxnTab__A                              
00007308  ti_sysbios_gates_GateHwi_Object__PARAMS__C                  
00007320  ti_sysbios_gates_GateMutex_Object__PARAMS__C                
00007338  ti_sysbios_knl_Queue_Object__PARAMS__C                      
00007350  GPIOMSP432_config                                           
00007364  PowerMSP432_config                                          
00007374  xdc_runtime_Startup_sfxnRts__A                              
00007390  xdc_runtime_Startup_firstFxns__A                            
0000739c  ti_sysbios_family_arm_m3_Hwi_excHookFuncs__A                
000073a4  ti_sysbios_knl_Idle_funcList__A                             
000073ac  ti_sysbios_knl_Idle_funcList__C                             
000073b4  xdc_runtime_Startup_firstFxns__C                            
000073bc  xdc_runtime_Startup_lastFxns__C                             
000073c4  ti_sysbios_family_arm_m3_Hwi_E_NMI__C                       
000073c8  ti_sysbios_family_arm_m3_Hwi_E_alreadyDefined__C            
000073cc  ti_sysbios_family_arm_m3_Hwi_E_busFault__C                  
000073d0  ti_sysbios_family_arm_m3_Hwi_E_debugMon__C                  
000073d4  ti_sysbios_family_arm_m3_Hwi_E_hardFault__C                 
000073d8  ti_sysbios_family_arm_m3_Hwi_E_memFault__C                  
000073dc  ti_sysbios_family_arm_m3_Hwi_E_noIsr__C                     
000073e0  ti_sysbios_family_arm_m3_Hwi_E_reserved__C                  
000073e4  ti_sysbios_family_arm_m3_Hwi_E_svCall__C                    
000073e8  ti_sysbios_family_arm_m3_Hwi_E_usageFault__C                
000073ec  ti_sysbios_family_arm_m3_Hwi_NUM_INTERRUPTS__C              
000073f0  ti_sysbios_family_arm_m3_Hwi_Object__count__C               
000073f4  ti_sysbios_family_arm_m3_Hwi_ccr__C                         
000073f8  ti_sysbios_family_arm_m3_Hwi_excHandlerFunc__C              
000073fc  ti_sysbios_family_arm_m3_Hwi_excHookFuncs__C                
00007400  ti_sysbios_family_arm_m3_Hwi_nullIsrFunc__C                 
00007404  ti_sysbios_family_arm_m3_Hwi_priGroup__C                    
00007408  ti_sysbios_family_arm_msp432_Timer_numTimerDevices__C       
0000740c  ti_sysbios_family_arm_msp432_Timer_startupNeeded__C         
00007410  ti_sysbios_gates_GateMutex_A_badContext__C                  
00007414  ti_sysbios_gates_GateMutex_Instance_State_sem__O            
00007418  ti_sysbios_gates_GateMutex_Module__diagsEnabled__C          
0000741c  ti_sysbios_gates_GateMutex_Module__diagsIncluded__C         
00007420  ti_sysbios_gates_GateMutex_Module__diagsMask__C             
00007424  ti_sysbios_hal_Hwi_E_stackOverflow__C                       
00007428  ti_sysbios_heaps_HeapMem_A_align__C                         
0000742c  ti_sysbios_heaps_HeapMem_A_heapSize__C                      
00007430  ti_sysbios_heaps_HeapMem_A_invalidFree__C                   
00007434  ti_sysbios_heaps_HeapMem_A_zeroBlock__C                     
00007438  ti_sysbios_heaps_HeapMem_E_memory__C                        
0000743c  ti_sysbios_heaps_HeapMem_Module__diagsEnabled__C            
00007440  ti_sysbios_heaps_HeapMem_Module__diagsIncluded__C           
00007444  ti_sysbios_heaps_HeapMem_Module__diagsMask__C               
00007448  ti_sysbios_heaps_HeapMem_Module__gateObj__C                 
0000744c  ti_sysbios_heaps_HeapMem_Object__count__C                   
00007450  ti_sysbios_heaps_HeapMem_reqAlign__C                        
00007454  ti_sysbios_knl_Clock_Module_State_clockQ__O                 
00007458  ti_sysbios_knl_Semaphore_A_badContext__C                    
0000745c  ti_sysbios_knl_Semaphore_A_noEvents__C                      
00007460  ti_sysbios_knl_Semaphore_A_overflow__C                      
00007464  ti_sysbios_knl_Semaphore_A_pendTaskDisabled__C              
00007468  ti_sysbios_knl_Semaphore_Instance_State_pendQ__O            
0000746c  ti_sysbios_knl_Semaphore_Module__diagsEnabled__C            
00007470  ti_sysbios_knl_Semaphore_Module__diagsIncluded__C           
00007474  ti_sysbios_knl_Semaphore_Module__diagsMask__C               
00007478  ti_sysbios_knl_Swi_Object__count__C                         
0000747c  ti_sysbios_knl_Task_A_badTimeout__C                         
00007480  ti_sysbios_knl_Task_A_sleepTaskDisabled__C                  
00007484  ti_sysbios_knl_Task_E_spOutOfBounds__C                      
00007488  ti_sysbios_knl_Task_E_stackOverflow__C                      
0000748c  ti_sysbios_knl_Task_Module_State_inactiveQ__O               
00007490  ti_sysbios_knl_Task_Module__diagsEnabled__C                 
00007494  ti_sysbios_knl_Task_Module__diagsIncluded__C                
00007498  ti_sysbios_knl_Task_Module__diagsMask__C                    
0000749c  ti_sysbios_knl_Task_Object__count__C                        
000074a0  ti_sysbios_knl_Task_allBlockedFunc__C                       
000074a4  ti_sysbios_knl_Task_numConstructedTasks__C                  
000074a8  xdc_runtime_Assert_E_assertFailed__C                        
000074ac  xdc_runtime_Core_A_initializedParams__C                     
000074b0  xdc_runtime_Core_Module__diagsEnabled__C                    
000074b4  xdc_runtime_Core_Module__diagsIncluded__C                   
000074b8  xdc_runtime_Core_Module__diagsMask__C                       
000074bc  xdc_runtime_Error_E_memory__C                               
000074c0  xdc_runtime_Error_Module__diagsEnabled__C                   
000074c4  xdc_runtime_Error_Module__diagsIncluded__C                  
000074c8  xdc_runtime_Error_Module__diagsMask__C                      
000074cc  xdc_runtime_Error_Module__loggerFxn8__C                     
000074d0  xdc_runtime_Error_Module__loggerObj__C                      
000074d4  xdc_runtime_Error_policyFxn__C                              
000074d8  xdc_runtime_Error_raiseHook__C                              
000074dc  xdc_runtime_IGateProvider_Interface__BASE__C                
000074e0  xdc_runtime_IHeap_Interface__BASE__C                        
000074e4  xdc_runtime_IModule_Interface__BASE__C                      
000074e8  xdc_runtime_Log_L_error__C                                  
000074ec  xdc_runtime_Memory_defaultHeapInstance__C                   
000074f0  xdc_runtime_Startup_execImpl__C                             
000074f4  xdc_runtime_Startup_maxPasses__C                            
000074f8  xdc_runtime_Startup_sfxnRts__C                              
000074fc  xdc_runtime_Startup_sfxnTab__C                              
00007500  xdc_runtime_SysMin_bufSize__C                               
00007504  xdc_runtime_SysMin_outputFunc__C                            
00007508  xdc_runtime_System_Module__gateObj__C                       
0000750c  xdc_runtime_System_abortFxn__C                              
00007510  xdc_runtime_System_exitFxn__C                               
00007514  xdc_runtime_System_extendFxn__C                             
00007518  xdc_runtime_System_maxAtexitHandlers__C                     
0000751c  xdc_runtime_Text_charTab__C                                 
00007520  xdc_runtime_Text_nameEmpty__C                               
00007524  xdc_runtime_Text_nameStatic__C                              
00007528  xdc_runtime_Text_nameUnknown__C                             
0000752c  xdc_runtime_Text_nodeTab__C                                 
00007530  xdc_runtime_Text_visitRopeFxn__C                            
00007534  ti_sysbios_family_arm_m3_Hwi_Module__id__C                  
00007536  ti_sysbios_gates_GateMutex_Module__id__C                    
00007538  ti_sysbios_hal_Hwi_Module__id__C                            
0000753a  ti_sysbios_heaps_HeapMem_Module__id__C                      
0000753c  ti_sysbios_knl_Semaphore_Module__id__C                      
0000753e  ti_sysbios_knl_Task_Module__id__C                           
00007540  xdc_runtime_Core_Module__id__C                              
00007542  xdc_runtime_Error_Module__loggerDefined__C                  
00007544  xdc_runtime_Error_maxDepth__C                               
00007546  xdc_runtime_Memory_Module__id__C                            
00007548  xdc_runtime_SysMin_flushAtExit__C                           
0000754a  xdc_runtime_Text_charCnt__C                                 
0000754c  xdc_runtime_Text_isLoaded__C                                
0000754e  xdc_runtime_Text_registryModsLastId__C                      
00007550  xdc_runtime_Text_unnamedModsLastId__C                       
00007558  __TI_static_base__                                          
0000797c  __TI_Handler_Table_Base                                     
00007988  __TI_Handler_Table_Limit                                    
00007998  __TI_CINIT_Base                                             
000079b0  __TI_CINIT_Limit                                            
20000000  ti_sysbios_family_arm_m3_Hwi_ramVectors                     
20000140  ti_sysbios_knl_Task_Instance_State_0_stack__A               
20000340  ti_sysbios_knl_Task_Instance_State_1_stack__A               
20000540  ti_sysbios_heaps_HeapMem_Instance_State_0_buf__A            
20000940  ti_sysbios_family_arm_m3_Hwi_dispatchTable                  
20000a80  __CIOBUF_                                                   
20000ba0  xdc_runtime_SysMin_Module_State_0_outbuf__A                 
20000c58  ti_sysbios_family_arm_m3_Hwi_Module__root__V                
20000c60  ti_sysbios_family_arm_m3_Hwi_Object__table__V               
20000c78  ti_sysbios_family_arm_m3_Hwi_Module_State_0_excActive__A    
20000c7c  ti_sysbios_family_arm_m3_Hwi_Module_State_0_excContext__A   
20000c80  ti_sysbios_family_arm_m3_Hwi_Module_State_0_excStack__A     
20000c84  ti_sysbios_family_arm_msp432_ClockFreqs_Module__state__V    
20000c90  ti_sysbios_family_arm_msp432_Timer_Module__root__V          
20000c98  ti_sysbios_family_arm_msp432_Timer_Module_State_0_device__A 
20000cb8  ti_sysbios_family_arm_msp432_Timer_Module_State_0_handles__A
20000cc8  ti_sysbios_family_arm_msp432_Timer_Module__state__V         
20000cd4  ti_sysbios_gates_GateHwi_Module__root__V                    
20000cdc  ti_sysbios_gates_GateHwi_Object__table__V                   
20000ce0  ti_sysbios_gates_GateMutex_Module__root__V                  
20000ce8  ti_sysbios_hal_Hwi_Module__root__V                          
20000cf0  ti_sysbios_heaps_HeapMem_Module__root__V                    
20000cf8  ti_sysbios_heaps_HeapMem_Object__table__V                   
20000d10  ti_sysbios_knl_Clock_Module__root__V                        
20000d18  ti_sysbios_knl_Queue_Module__root__V                        
20000d20  ti_sysbios_knl_Semaphore_Module__root__V                    
20000d28  ti_sysbios_knl_Swi_Module__root__V                          
20000d30  ti_sysbios_knl_Swi_Module__state__V                         
20000d4c  ti_sysbios_knl_Task_Module__root__V                         
20000d54  ti_sysbios_knl_Task_Module_State_0_idleTask__A              
20000d58  xdc_runtime_Error_Module__state__V                          
20000d5c  xdc_runtime_Memory_Module__state__V                         
20000d60  xdc_runtime_Registry_Module__state__V                       
20000d68  xdc_runtime_Startup_Module__state__V                        
20000d70  xdc_runtime_SysMin_Module__state__V                         
20000d7c  xdc_runtime_System_Module_State_0_atexitHandlers__A         
20000d84  xdc_runtime_System_Module__state__V                         
20000d8c  xdc_runtime_Text_Module__state__V                           
20000d94  __xdc__init__addr                                           
20000d98  PowerMSP432_perfLevels                                      
20000e34  ti_sysbios_knl_Task_Object__table__V                        
20000ecc  ti_sysbios_knl_Swi_Module_State_0_readyQ__A                 
20000f4c  ti_sysbios_knl_Task_Module_State_0_readyQ__A                
20000fcc  ti_sysbios_family_arm_msp432_Timer_Object__table__V         
20001018  ti_sysbios_knl_Task_Module__state__V                        
2000105c  ti_sysbios_gates_GateMutex_Object__table__V                 
20001094  ti_sysbios_family_arm_m3_Hwi_Module__state__V               
20001128  ti_sysbios_knl_Swi_Object__table__V                         
20001158  ti_sysbios_knl_Clock_Module__state__V                       
20001184  PowerMSP432_module                                          
200011a8  ti_sysbios_BIOS_Module__state__V                            
200011d0  gpioPinConfigs                                              
200011e0  gpioCallbackFunctions                                       
200011e8  _lock                                                       
200011ec  _unlock                                                     
200011f0  __TI_cleanup_ptr                                            
200011f4  __TI_dtors_ptr                                              
200011f8  main_func_sp                                                
2000fd00  __stack                                                     
20010000  __STACK_END                                                 
4000480c  WDTCTL_SYM                                                  
e000e000  ti_sysbios_family_arm_m3_Hwi_nvic                           
ffffffff  __binit__                                                   
ffffffff  __c_args__                                                  
ffffffff  binit                                                       
UNDEFED   SHT$$INIT_ARRAY$$Base                                       
UNDEFED   SHT$$INIT_ARRAY$$Limit                                      

[571 symbols]
